Component: ARM Compiler 5.06 update 5 (build 528) Tool: armlink [4d35e2]

==============================================================================

Section Cross References

    main.o(i.SGPIO_Init) refers to stm32f10x_rcc.o(i.RCC_APB2PeriphClockCmd) for RCC_APB2PeriphClockCmd
    main.o(i.SGPIO_Init) refers to stm32f10x_gpio.o(i.GPIO_PinRemapConfig) for GPIO_PinRemapConfig
    main.o(i.SGPIO_Init) refers to stm32f10x_gpio.o(i.GPIO_Init) for GPIO_Init
    main.o(i.main) refers to rt_memclr_w.o(.text) for __aeabi_memclr4
    main.o(i.main) refers to delay.o(i.delay_init) for delay_init
    main.o(i.main) refers to misc.o(i.NVIC_PriorityGroupConfig) for NVIC_PriorityGroupConfig
    main.o(i.main) refers to usart.o(i.uart_init) for uart_init
    main.o(i.main) refers to main.o(i.SGPIO_Init) for SGPIO_Init
    main.o(i.main) refers to hw_config.o(i.USB_Port_Set) for USB_Port_Set
    main.o(i.main) refers to delay.o(i.delay_ms) for delay_ms
    main.o(i.main) refers to hw_config.o(i.USB_Interrupts_Config) for USB_Interrupts_Config
    main.o(i.main) refers to hw_config.o(i.Set_USBClock) for Set_USBClock
    main.o(i.main) refers to usb_init.o(i.USB_Init) for USB_Init
    main.o(i.main) refers to touch.o(i.TP_Init) for TP_Init
    main.o(i.main) refers to hw_config.o(i.MulTouch_Send) for MulTouch_Send
    main.o(i.main) refers to touch.o(.data) for tp_dev
    system_stm32f10x.o(i.SetSysClock) refers to system_stm32f10x.o(i.SetSysClockTo72) for SetSysClockTo72
    system_stm32f10x.o(i.SystemCoreClockUpdate) refers to system_stm32f10x.o(.data) for SystemCoreClock
    system_stm32f10x.o(i.SystemInit) refers to system_stm32f10x.o(i.SetSysClock) for SetSysClock
    led.o(i.LED_Init) refers to stm32f10x_rcc.o(i.RCC_APB2PeriphClockCmd) for RCC_APB2PeriphClockCmd
    led.o(i.LED_Init) refers to stm32f10x_gpio.o(i.GPIO_Init) for GPIO_Init
    led.o(i.LED_Init) refers to stm32f10x_gpio.o(i.GPIO_SetBits) for GPIO_SetBits
    lcd.o(i.LCD_Clear) refers to lcd.o(i.LCD_SetCursor) for LCD_SetCursor
    lcd.o(i.LCD_Clear) refers to lcd.o(i.LCD_WriteRAM_Prepare) for LCD_WriteRAM_Prepare
    lcd.o(i.LCD_Clear) refers to lcd.o(.bss) for lcddev
    lcd.o(i.LCD_Color_Fill) refers to lcd.o(i.LCD_SetCursor) for LCD_SetCursor
    lcd.o(i.LCD_Color_Fill) refers to lcd.o(i.LCD_WriteRAM_Prepare) for LCD_WriteRAM_Prepare
    lcd.o(i.LCD_DisplayOff) refers to lcd.o(i.LCD_WR_REG) for LCD_WR_REG
    lcd.o(i.LCD_DisplayOff) refers to lcd.o(i.LCD_WriteReg) for LCD_WriteReg
    lcd.o(i.LCD_DisplayOff) refers to lcd.o(.bss) for lcddev
    lcd.o(i.LCD_DisplayOn) refers to lcd.o(i.LCD_WR_REG) for LCD_WR_REG
    lcd.o(i.LCD_DisplayOn) refers to lcd.o(i.LCD_WriteReg) for LCD_WriteReg
    lcd.o(i.LCD_DisplayOn) refers to lcd.o(.bss) for lcddev
    lcd.o(i.LCD_Display_Dir) refers to lcd.o(i.LCD_Scan_Dir) for LCD_Scan_Dir
    lcd.o(i.LCD_Display_Dir) refers to lcd.o(.bss) for lcddev
    lcd.o(i.LCD_DrawLine) refers to lcd.o(i.LCD_DrawPoint) for LCD_DrawPoint
    lcd.o(i.LCD_DrawPoint) refers to lcd.o(i.LCD_SetCursor) for LCD_SetCursor
    lcd.o(i.LCD_DrawPoint) refers to lcd.o(i.LCD_WriteRAM_Prepare) for LCD_WriteRAM_Prepare
    lcd.o(i.LCD_DrawPoint) refers to lcd.o(.data) for POINT_COLOR
    lcd.o(i.LCD_DrawRectangle) refers to lcd.o(i.LCD_DrawLine) for LCD_DrawLine
    lcd.o(i.LCD_Draw_Circle) refers to lcd.o(i.LCD_DrawPoint) for LCD_DrawPoint
    lcd.o(i.LCD_Fast_DrawPoint) refers to lcd.o(i.LCD_WR_REG) for LCD_WR_REG
    lcd.o(i.LCD_Fast_DrawPoint) refers to lcd.o(i.LCD_WriteReg) for LCD_WriteReg
    lcd.o(i.LCD_Fast_DrawPoint) refers to lcd.o(.bss) for lcddev
    lcd.o(i.LCD_Fill) refers to lcd.o(i.LCD_SetCursor) for LCD_SetCursor
    lcd.o(i.LCD_Fill) refers to lcd.o(i.LCD_WriteRAM_Prepare) for LCD_WriteRAM_Prepare
    lcd.o(i.LCD_Fill) refers to lcd.o(.bss) for lcddev
    lcd.o(i.LCD_Init) refers to _printf_percent.o(.ARM.Collect$$_printf_percent$$00000000) for _printf_percent
    lcd.o(i.LCD_Init) refers to _printf_x.o(.ARM.Collect$$_printf_percent$$0000000C) for _printf_x
    lcd.o(i.LCD_Init) refers to _printf_hex_int.o(.text) for _printf_longlong_hex
    lcd.o(i.LCD_Init) refers to stm32f10x_rcc.o(i.RCC_APB2PeriphClockCmd) for RCC_APB2PeriphClockCmd
    lcd.o(i.LCD_Init) refers to stm32f10x_gpio.o(i.GPIO_PinRemapConfig) for GPIO_PinRemapConfig
    lcd.o(i.LCD_Init) refers to stm32f10x_gpio.o(i.GPIO_Init) for GPIO_Init
    lcd.o(i.LCD_Init) refers to stm32f10x_gpio.o(i.GPIO_SetBits) for GPIO_SetBits
    lcd.o(i.LCD_Init) refers to delay.o(i.delay_ms) for delay_ms
    lcd.o(i.LCD_Init) refers to lcd.o(i.LCD_WriteReg) for LCD_WriteReg
    lcd.o(i.LCD_Init) refers to lcd.o(i.LCD_ReadReg) for LCD_ReadReg
    lcd.o(i.LCD_Init) refers to lcd.o(i.LCD_WR_REG) for LCD_WR_REG
    lcd.o(i.LCD_Init) refers to lcd.o(i.LCD_RD_DATA) for LCD_RD_DATA
    lcd.o(i.LCD_Init) refers to noretval__2printf.o(.text) for __2printf
    lcd.o(i.LCD_Init) refers to lcd.o(i.LCD_WR_DATAX) for LCD_WR_DATAX
    lcd.o(i.LCD_Init) refers to lcd.o(.bss) for lcddev
[...]
    ..\HARDWARE\KEY\key.c                    0x00000000   Number         0  key.o ABSOLUTE
    ..\HARDWARE\LCD\lcd.c                    0x00000000   Number         0  lcd.o ABSOLUTE
    ..\HARDWARE\LED\led.c                    0x00000000   Number         0  led.o ABSOLUTE
    ..\HARDWARE\TOUCH\ctiic.c                0x00000000   Number         0  ctiic.o ABSOLUTE
    ..\HARDWARE\TOUCH\ft3517U.c              0x00000000   Number         0  ft3517u.o ABSOLUTE
    ..\HARDWARE\TOUCH\ft5206.c               0x00000000   Number         0  ft5206.o ABSOLUTE
    ..\HARDWARE\TOUCH\gt1151.c               0x00000000   Number         0  gt1151.o ABSOLUTE
    ..\HARDWARE\TOUCH\touch.c                0x00000000   Number         0  touch.o ABSOLUTE
    ..\STM32F10x_FWLib\src\misc.c            0x00000000   Number         0  misc.o ABSOLUTE
    ..\STM32F10x_FWLib\src\stm32f10x_exti.c  0x00000000   Number         0  stm32f10x_exti.o ABSOLUTE
    ..\STM32F10x_FWLib\src\stm32f10x_gpio.c  0x00000000   Number         0  stm32f10x_gpio.o ABSOLUTE
    ..\STM32F10x_FWLib\src\stm32f10x_rcc.c   0x00000000   Number         0  stm32f10x_rcc.o ABSOLUTE
    ..\STM32F10x_FWLib\src\stm32f10x_usart.c 0x00000000   Number         0  stm32f10x_usart.o ABSOLUTE
    ..\SYSTEM\delay\delay.c                  0x00000000   Number         0  delay.o ABSOLUTE
    ..\SYSTEM\sys\sys.c                      0x00000000   Number         0  sys.o ABSOLUTE
    ..\SYSTEM\usart\usart.c                  0x00000000   Number         0  usart.o ABSOLUTE
    ..\USB\CONFIG\hw_config.c                0x00000000   Number         0  hw_config.o ABSOLUTE
    ..\USB\CONFIG\usb_desc.c                 0x00000000   Number         0  usb_desc.o ABSOLUTE
    ..\USB\CONFIG\usb_endp.c                 0x00000000   Number         0  usb_endp.o ABSOLUTE
    ..\USB\CONFIG\usb_istr.c                 0x00000000   Number         0  usb_istr.o ABSOLUTE
    ..\USB\CONFIG\usb_prop.c                 0x00000000   Number         0  usb_prop.o ABSOLUTE
    ..\USB\CONFIG\usb_pwr.c                  0x00000000   Number         0  usb_pwr.o ABSOLUTE
    ..\USB\STM32_USB-FS-Device_Driver\src\usb_core.c 0x00000000   Number         0  usb_core.o ABSOLUTE
    ..\USB\STM32_USB-FS-Device_Driver\src\usb_init.c 0x00000000   Number         0  usb_init.o ABSOLUTE
    ..\USB\STM32_USB-FS-Device_Driver\src\usb_int.c 0x00000000   Number         0  usb_int.o ABSOLUTE
    ..\USB\STM32_USB-FS-Device_Driver\src\usb_mem.c 0x00000000   Number         0  usb_mem.o ABSOLUTE
    ..\USB\STM32_USB-FS-Device_Driver\src\usb_regs.c 0x00000000   Number         0  usb_regs.o ABSOLUTE
    ..\USB\STM32_USB-FS-Device_Driver\src\usb_sil.c 0x00000000   Number         0  usb_sil.o ABSOLUTE
    ..\\CORE\\core_cm3.c                     0x00000000   Number         0  core_cm3.o ABSOLUTE
    ..\\SYSTEM\\sys\\sys.c                   0x00000000   Number         0  sys.o ABSOLUTE
    dc.s                                     0x00000000   Number         0  dc.o ABSOLUTE
    main.c                                   0x00000000   Number         0  main.o ABSOLUTE
    stm32f10x_it.c                           0x00000000   Number         0  stm32f10x_it.o ABSOLUTE
    system_stm32f10x.c                       0x00000000   Number         0  system_stm32f10x.o ABSOLUTE
    RESET                                    0x08008000   Section      304  startup_stm32f10x_hd.o(RESET)
    !!!main                                  0x08008130   Section        8  __main.o(!!!main)
    !!!scatter                               0x08008138   Section       52  __scatter.o(!!!scatter)
    !!dczerorl2                              0x0800816c   Section       90  __dczerorl2.o(!!dczerorl2)
    !!handler_zi                             0x080081c8   Section       28  __scatter_zi.o(!!handler_zi)
    .ARM.Collect$$_printf_percent$$00000000  0x080081e4   Section        0  _printf_percent.o(.ARM.Collect$$_printf_percent$$00000000)
    .ARM.Collect$$_printf_percent$$00000017  0x080081e4   Section        4  _printf_percent_end.o(.ARM.Collect$$_printf_percent$$00000017)
    .ARM.Collect$$libinit$$00000000          0x080081e8   Section        2  libinit.o(.ARM.Collect$$libinit$$00000000)
    .ARM.Collect$$libinit$$00000002          0x080081ea   Section        0  libinit2.o(.ARM.Collect$$libinit$$00000002)
    .ARM.Collect$$libinit$$00000004          0x080081ea   Section        0  libinit2.o(.ARM.Collect$$libinit$$00000004)
    .ARM.Collect$$libinit$$0000000A          0x080081ea   Section        0  libinit2.o(.ARM.Collect$$libinit$$0000000A)
    .ARM.Collect$$libinit$$0000000C          0x080081ea   Section        0  libinit2.o(.ARM.Collect$$libinit$$0000000C)
    .ARM.Collect$$libinit$$0000000E          0x080081ea   Section        0  libinit2.o(.ARM.Collect$$libinit$$0000000E)
    .ARM.Collect$$libinit$$00000011          0x080081ea   Section        0  libinit2.o(.ARM.Collect$$libinit$$00000011)
    .ARM.Collect$$libinit$$00000013          0x080081ea   Section        0  libinit2.o(.ARM.Collect$$libinit$$00000013)
    .ARM.Collect$$libinit$$00000015          0x080081ea   Section        0  libinit2.o(.ARM.Collect$$libinit$$00000015)
    .ARM.Collect$$libinit$$00000017          0x080081ea   Section        0  libinit2.o(.ARM.Collect$$libinit$$00000017)
    .ARM.Collect$$libinit$$00000019          0x080081ea   Section        0  libinit2.o(.ARM.Collect$$libinit$$00000019)
    .ARM.Collect$$libinit$$0000001B          0x080081ea   Section        0  libinit2.o(.ARM.Collect$$libinit$$0000001B)
    .ARM.Collect$$libinit$$0000001D          0x080081ea   Section        0  libinit2.o(.ARM.Collect$$libinit$$0000001D)
    .ARM.Collect$$libinit$$0000001F          0x080081ea   Section        0  libinit2.o(.ARM.Collect$$libinit$$0000001F)
    .ARM.Collect$$libinit$$00000021          0x080081ea   Section        0  libinit2.o(.ARM.Collect$$libinit$$00000021)
    .ARM.Collect$$libinit$$00000023          0x080081ea   Section        0  libinit2.o(.ARM.Collect$$libinit$$00000023)
    .ARM.Collect$$libinit$$00000025          0x080081ea   Section        0  libinit2.o(.ARM.Collect$$libinit$$00000025)
    .ARM.Collect$$libinit$$0000002C          0x080081ea   Section        0  libinit2.o(.ARM.Collect$$libinit$$0000002C)
    .ARM.Collect$$libinit$$0000002E          0x080081ea   Section        0  libinit2.o(.ARM.Collect$$libinit$$0000002E)
    .ARM.Collect$$libinit$$00000030          0x080081ea   Section        0  libinit2.o(.ARM.Collect$$libinit$$00000030)
    .ARM.Collect$$libinit$$00000032          0x080081ea   Section        0  libinit2.o(.ARM.Collect$$libinit$$00000032)
    .ARM.Collect$$libinit$$00000033          0x080081ea   Section        2  libinit2.o(.ARM.Collect$$libinit$$00000033)
    .ARM.Collect$$libshutdown$$00000000      0x080081ec   Section        2  libshutdown.o(.ARM.Collect$$libshutdown$$00000000)
    .ARM.Collect$$libshutdown$$00000002      0x080081ee   Section        0  libshutdown2.o(.ARM.Collect$$libshutdown$$00000002)
    .ARM.Collect$$libshutdown$$00000004      0x080081ee   Section        0  libshutdown2.o(.ARM.Collect$$libshutdown$$00000004)
    .ARM.Collect$$libshutdown$$00000007      0x080081ee   Section        0  libshutdown2.o(.ARM.Collect$$libshutdown$$00000007)
    .ARM.Collect$$libshutdown$$0000000A      0x080081ee   Section        0  libshutdown2.o(.ARM.Collect$$libshutdown$$0000000A)
    .ARM.Collect$$libshutdown$$0000000C      0x080081ee   Section        0  libshutdown2.o(.ARM.Collect$$libshutdown$$0000000C)
    .ARM.Collect$$libshutdown$$0000000F      0x080081ee   Section        0  libshutdown2.o(.ARM.Collect$$libshutdown$$0000000F)
    .ARM.Collect$$libshutdown$$00000010      0x080081ee   Section        2  libshutdown2.o(.ARM.Collect$$libshutdown$$00000010)
    .ARM.Collect$$rtentry$$00000000          0x080081f0   Section        0  __rtentry.o(.ARM.Collect$$rtentry$$00000000)
    .ARM.Collect$$rtentry$$00000002          0x080081f0   Section        0  __rtentry2.o(.ARM.Collect$$rtentry$$00000002)
    .ARM.Collect$$rtentry$$00000004          0x080081f0   Section        6  __rtentry4.o(.ARM.Collect$$rtentry$$00000004)
    .ARM.Collect$$rtentry$$00000009          0x080081f6   Section        0  __rtentry2.o(.ARM.Collect$$rtentry$$00000009)
    .ARM.Collect$$rtentry$$0000000A          0x080081f6   Section        4  __rtentry2.o(.ARM.Collect$$rtentry$$0000000A)
    .ARM.Collect$$rtentry$$0000000C          0x080081fa   Section        0  __rtentry2.o(.ARM.Collect$$rtentry$$0000000C)
    .ARM.Collect$$rtentry$$0000000D          0x080081fa   Section        8  __rtentry2.o(.ARM.Collect$$rtentry$$0000000D)
    .ARM.Collect$$rtexit$$00000000           0x08008202   Section        2  rtexit.o(.ARM.Collect$$rtexit$$00000000)
    .ARM.Collect$$rtexit$$00000002           0x08008204   Section        0  rtexit2.o(.ARM.Collect$$rtexit$$00000002)
    .ARM.Collect$$rtexit$$00000003           0x08008204   Section        4  rtexit2.o(.ARM.Collect$$rtexit$$00000003)
    .ARM.Collect$$rtexit$$00000004           0x08008208   Section        6  rtexit2.o(.ARM.Collect$$rtexit$$00000004)
    .text                                    0x08008210   Section       64  startup_stm32f10x_hd.o(.text)
    .text                                    0x08008250   Section        2  use_no_semi_2.o(.text)
    .text                                    0x08008254   Section        0  noretval__2printf.o(.text)
    .text                                    0x0800826c   Section        0  __printf.o(.text)
    .text                                    0x080082d4   Section       78  rt_memclr_w.o(.text)
    .text                                    0x08008322   Section        0  heapauxi.o(.text)
    .text                                    0x08008328   Section        2  use_no_semi.o(.text)
    .text                                    0x0800832c   Section        0  _printf_char_file.o(.text)
    .text                                    0x08008350   Section        0  _printf_char_common.o(.text)
    _printf_input_char                       0x08008351   Thumb Code    10  _printf_char_common.o(.text)
    .text                                    0x08008380   Section        0  ferror.o(.text)
    .text                                    0x08008388   Section       74  sys_stackheap_outer.o(.text)
    .text                                    0x080083d2   Section        0  exit.o(.text)
    .text                                    0x080083e4   Section        8  libspace.o(.text)
    i.BusFault_Handler                       0x080083ec   Section        0  stm32f10x_it.o(i.BusFault_Handler)
    i.ByteSwap                               0x080083f0   Section        0  usb_regs.o(i.ByteSwap)
    i.CTR_LP                                 0x080083fc   Section        0  usb_int.o(i.CTR_LP)
    i.CT_Delay                               0x08008684   Section        0  ctiic.o(i.CT_Delay)
    i.CT_IIC_Ack                             0x08008690   Section        0  ctiic.o(i.CT_IIC_Ack)
    i.CT_IIC_Init                            0x080086dc   Section        0  ctiic.o(i.CT_IIC_Init)
    i.CT_IIC_NAck                            0x0800871c   Section        0  ctiic.o(i.CT_IIC_NAck)
    i.CT_IIC_Read_Byte                       0x08008768   Section        0  ctiic.o(i.CT_IIC_Read_Byte)
    i.CT_IIC_Send_Byte                       0x080087d0   Section        0  ctiic.o(i.CT_IIC_Send_Byte)
    i.CT_IIC_Start                           0x0800882c   Section        0  ctiic.o(i.CT_IIC_Start)
    i.CT_IIC_Stop                            0x08008874   Section        0  ctiic.o(i.CT_IIC_Stop)
    i.CT_IIC_Wait_Ack                        0x080088bc   Section        0  ctiic.o(i.CT_IIC_Wait_Ack)
    i.ClearDTOG_RX                           0x08008920   Section        0  usb_regs.o(i.ClearDTOG_RX)
    i.ClearDTOG_TX                           0x08008954   Section        0  usb_regs.o(i.ClearDTOG_TX)
    i.Clear_Status_Out                       0x08008988   Section        0  usb_regs.o(i.Clear_Status_Out)
    i.DataStageIn                            0x080089b0   Section        0  usb_core.o(i.DataStageIn)
    DataStageIn                              0x080089b1   Thumb Code   166  usb_core.o(i.DataStageIn)
    i.DataStageOut                           0x08008a70   Section        0  usb_core.o(i.DataStageOut)
    DataStageOut                             0x08008a71   Thumb Code   166  usb_core.o(i.DataStageOut)
    i.Data_Setup0                            0x08008b2c   Section        0  usb_core.o(i.Data_Setup0)
    Data_Setup0                              0x08008b2d   Thumb Code   628  usb_core.o(i.Data_Setup0)
    i.DebugMon_Handler                       0x08008dc4   Section        0  stm32f10x_it.o(i.DebugMon_Handler)
    i.EP1_IN_Callback                        0x08008dc8   Section        0  usb_endp.o(i.EP1_IN_Callback)
    i.EXTI_ClearITPendingBit                 0x08008dd4   Section        0  stm32f10x_exti.o(i.EXTI_ClearITPendingBit)
    i.EXTI_Init                              0x08008de0   Section        0  stm32f10x_exti.o(i.EXTI_Init)
    i.Enter_LowPowerMode                     0x08008e74   Section        0  hw_config.o(i.Enter_LowPowerMode)
    i.FT3517U_Init                           0x08008ea4   Section        0  ft3517u.o(i.FT3517U_Init)
    i.FT3517U_RD_Reg                         0x08008fa0   Section        0  ft3517u.o(i.FT3517U_RD_Reg)
    i.FT3517U_Scan                           0x08009000   Section        0  ft3517u.o(i.FT3517U_Scan)
    i.FT5206_RD_Reg                          0x08009348   Section        0  ft5206.o(i.FT5206_RD_Reg)
    i.FT5206_WR_Reg                          0x080093a0   Section        0  ft5206.o(i.FT5206_WR_Reg)
    i.GPIO_Init                              0x080093f2   Section        0  stm32f10x_gpio.o(i.GPIO_Init)
    i.GPIO_PinRemapConfig                    0x08009508   Section        0  stm32f10x_gpio.o(i.GPIO_PinRemapConfig)
    i.GPIO_ResetBits                         0x08009598   Section        0  stm32f10x_gpio.o(i.GPIO_ResetBits)
    i.GPIO_SetBits                           0x0800959c   Section        0  stm32f10x_gpio.o(i.GPIO_SetBits)
    i.GetEPRxAddr                            0x080095a0   Section        0  usb_regs.o(i.GetEPRxAddr)
    i.GetEPTxAddr                            0x080095c0   Section        0  usb_regs.o(i.GetEPTxAddr)
    i.Get_SerialNum                          0x080095e0   Section        0  hw_config.o(i.Get_SerialNum)
    i.HardFault_Handler                      0x08009614   Section        0  stm32f10x_it.o(i.HardFault_Handler)
    i.In0_Process                            0x08009618   Section        0  usb_core.o(i.In0_Process)
    i.IntToUnicode                           0x08009688   Section        0  hw_config.o(i.IntToUnicode)
    IntToUnicode                             0x08009689   Thumb Code    62  hw_config.o(i.IntToUnicode)
    i.Joystick_Data_Setup                    0x080096c8   Section        0  usb_prop.o(i.Joystick_Data_Setup)
    i.Joystick_GetConfigDescriptor           0x080097bc   Section        0  usb_prop.o(i.Joystick_GetConfigDescriptor)
    i.Joystick_GetDeviceDescriptor           0x080097d0   Section        0  usb_prop.o(i.Joystick_GetDeviceDescriptor)
    i.Joystick_GetHIDDescriptor              0x080097e4   Section        0  usb_prop.o(i.Joystick_GetHIDDescriptor)
    i.Joystick_GetProtocolValue              0x080097f8   Section        0  usb_prop.o(i.Joystick_GetProtocolValue)
    i.Joystick_GetReport                     0x08009814   Section        0  usb_prop.o(i.Joystick_GetReport)
    i.Joystick_GetReportDescriptor           0x08009830   Section        0  usb_prop.o(i.Joystick_GetReportDescriptor)
    i.Joystick_GetStringDescriptor           0x08009844   Section        0  usb_prop.o(i.Joystick_GetStringDescriptor)
    i.Joystick_Get_Interface_Setting         0x0800986c   Section        0  usb_prop.o(i.Joystick_Get_Interface_Setting)
    i.Joystick_NoData_Setup                  0x08009884   Section        0  usb_prop.o(i.Joystick_NoData_Setup)
    i.Joystick_Reset                         0x080098c0   Section        0  usb_prop.o(i.Joystick_Reset)
    i.Joystick_SetConfiguration              0x08009964   Section        0  usb_prop.o(i.Joystick_SetConfiguration)
    i.Joystick_SetDeviceAddress              0x0800997c   Section        0  usb_prop.o(i.Joystick_SetDeviceAddress)
    i.Joystick_SetIdle                       0x08009988   Section        0  usb_prop.o(i.Joystick_SetIdle)
    i.Joystick_SetProtocol                   0x0800998c   Section        0  usb_prop.o(i.Joystick_SetProtocol)
    i.Joystick_SetReport                     0x080099a4   Section        0  usb_prop.o(i.Joystick_SetReport)
    i.Joystick_Status_In                     0x080099c0   Section        0  usb_prop.o(i.Joystick_Status_In)
    i.Joystick_Status_Out                    0x080099e4   Section        0  usb_prop.o(i.Joystick_Status_Out)
    i.Joystick_init                          0x080099e8   Section        0  usb_prop.o(i.Joystick_init)
    i.Leave_LowPowerMode                     0x08009a10   Section        0  hw_config.o(i.Leave_LowPowerMode)
    i.MemManage_Handler                      0x08009a30   Section        0  stm32f10x_it.o(i.MemManage_Handler)
    i.MulTouch_Send                          0x08009a34   Section        0  hw_config.o(i.MulTouch_Send)
    i.NMI_Handler                            0x08009b2c   Section        0  stm32f10x_it.o(i.NMI_Handler)
    i.NOP_Process                            0x08009b2e   Section        0  usb_core.o(i.NOP_Process)
    i.NVIC_Init                              0x08009b30   Section        0  misc.o(i.NVIC_Init)
    i.NVIC_PriorityGroupConfig               0x08009ba0   Section        0  misc.o(i.NVIC_PriorityGroupConfig)
    i.NoData_Setup0                          0x08009bb4   Section        0  usb_core.o(i.NoData_Setup0)
    NoData_Setup0                            0x08009bb5   Thumb Code   290  usb_core.o(i.NoData_Setup0)
    i.Out0_Process                           0x08009cec   Section        0  usb_core.o(i.Out0_Process)
    i.PMAToUserBufferCopy                    0x08009d3c   Section        0  usb_mem.o(i.PMAToUserBufferCopy)
    i.PendSV_Handler                         0x08009d64   Section        0  stm32f10x_it.o(i.PendSV_Handler)
    i.Post0_Process                          0x08009d68   Section        0  usb_core.o(i.Post0_Process)
    i.PowerOn                                0x08009db0   Section        0  usb_pwr.o(i.PowerOn)
    i.RCC_APB1PeriphClockCmd                 0x08009df0   Section        0  stm32f10x_rcc.o(i.RCC_APB1PeriphClockCmd)
    i.RCC_APB2PeriphClockCmd                 0x08009e10   Section        0  stm32f10x_rcc.o(i.RCC_APB2PeriphClockCmd)
    i.RCC_GetClocksFreq                      0x08009e30   Section        0  stm32f10x_rcc.o(i.RCC_GetClocksFreq)
    i.RCC_USBCLKConfig                       0x08009f04   Section        0  stm32f10x_rcc.o(i.RCC_USBCLKConfig)
    i.Resume                                 0x08009f10   Section        0  usb_pwr.o(i.Resume)
    i.Resume_Init                            0x08009fe0   Section        0  usb_pwr.o(i.Resume_Init)
    i.SGPIO_Init                             0x0800a004   Section        0  main.o(i.SGPIO_Init)
    i.SVC_Handler                            0x0800a03c   Section        0  stm32f10x_it.o(i.SVC_Handler)
    i.SetBTABLE                              0x0800a040   Section        0  usb_regs.o(i.SetBTABLE)
    i.SetDeviceAddress                       0x0800a050   Section        0  usb_core.o(i.SetDeviceAddress)
    i.SetEPRxAddr                            0x0800a0a0   Section        0  usb_regs.o(i.SetEPRxAddr)
    i.SetEPRxCount                           0x0800a0c4   Section        0  usb_regs.o(i.SetEPRxCount)
    i.SetEPRxStatus                          0x0800a110   Section        0  usb_regs.o(i.SetEPRxStatus)
    i.SetEPRxValid                           0x0800a150   Section        0  usb_regs.o(i.SetEPRxValid)
    i.SetEPTxAddr                            0x0800a184   Section        0  usb_regs.o(i.SetEPTxAddr)
    i.SetEPTxCount                           0x0800a1a4   Section        0  usb_regs.o(i.SetEPTxCount)
    i.SetEPTxStatus                          0x0800a1c0   Section        0  usb_regs.o(i.SetEPTxStatus)
    i.SetEPTxValid                           0x0800a200   Section        0  usb_regs.o(i.SetEPTxValid)
    i.SetEPType                              0x0800a234   Section        0  usb_regs.o(i.SetEPType)
    i.SetSysClock                            0x0800a258   Section        0  system_stm32f10x.o(i.SetSysClock)
    SetSysClock                              0x0800a259   Thumb Code     8  system_stm32f10x.o(i.SetSysClock)
    i.SetSysClockTo72                        0x0800a260   Section        0  system_stm32f10x.o(i.SetSysClockTo72)
    SetSysClockTo72                          0x0800a261   Thumb Code   214  system_stm32f10x.o(i.SetSysClockTo72)
    i.Set_USBClock                           0x0800a340   Section        0  hw_config.o(i.Set_USBClock)
    i.Setup0_Process                         0x0800a354   Section        0  usb_core.o(i.Setup0_Process)
    i.Standard_ClearFeature                  0x0800a40c   Section        0  usb_core.o(i.Standard_ClearFeature)
    i.Standard_GetConfiguration              0x0800a578   Section        0  usb_core.o(i.Standard_GetConfiguration)
    i.Standard_GetDescriptorData             0x0800a5a4   Section        0  usb_core.o(i.Standard_GetDescriptorData)
    i.Standard_GetInterface                  0x0800a5c8   Section        0  usb_core.o(i.Standard_GetInterface)
    i.Standard_GetStatus                     0x0800a5f4   Section        0  usb_core.o(i.Standard_GetStatus)
    i.Standard_SetConfiguration              0x0800a6f4   Section        0  usb_core.o(i.Standard_SetConfiguration)
    i.Standard_SetDeviceFeature              0x0800a73c   Section        0  usb_core.o(i.Standard_SetDeviceFeature)
    i.Standard_SetEndPointFeature            0x0800a764   Section        0  usb_core.o(i.Standard_SetEndPointFeature)
    i.Standard_SetInterface                  0x0800a834   Section        0  usb_core.o(i.Standard_SetInterface)
    i.Suspend                                0x0800a8a0   Section        0  usb_pwr.o(i.Suspend)
    i.SysTick_CLKSourceConfig                0x0800a93c   Section        0  misc.o(i.SysTick_CLKSourceConfig)
    i.SysTick_Handler                        0x0800a964   Section        0  stm32f10x_it.o(i.SysTick_Handler)
    i.SystemInit                             0x0800a968   Section        0  system_stm32f10x.o(i.SystemInit)
    i.TP_Init                                0x0800a9c8   Section        0  touch.o(i.TP_Init)
    i.USART1_IRQHandler                      0x0800a9e0   Section        0  usart.o(i.USART1_IRQHandler)
    i.USART_Cmd                              0x0800aa68   Section        0  stm32f10x_usart.o(i.USART_Cmd)
    i.USART_GetITStatus                      0x0800aa80   Section        0  stm32f10x_usart.o(i.USART_GetITStatus)
    i.USART_ITConfig                         0x0800aad4   Section        0  stm32f10x_usart.o(i.USART_ITConfig)
    i.USART_Init                             0x0800ab20   Section        0  stm32f10x_usart.o(i.USART_Init)
    i.USART_ReceiveData                      0x0800abf8   Section        0  stm32f10x_usart.o(i.USART_ReceiveData)
    i.USBWakeUp_IRQHandler                   0x0800ac02   Section        0  hw_config.o(i.USBWakeUp_IRQHandler)
    i.USB_Cable_Config                       0x0800ac10   Section        0  hw_config.o(i.USB_Cable_Config)
    i.USB_Init                               0x0800ac58   Section        0  usb_init.o(i.USB_Init)
    i.USB_Interrupts_Config                  0x0800ac9c   Section        0  hw_config.o(i.USB_Interrupts_Config)
    i.USB_Istr                               0x0800acf0   Section        0  usb_istr.o(i.USB_Istr)
    i.USB_LP_CAN1_RX0_IRQHandler             0x0800aee8   Section        0  hw_config.o(i.USB_LP_CAN1_RX0_IRQHandler)
    i.USB_Port_Set                           0x0800aef0   Section        0  hw_config.o(i.USB_Port_Set)
    i.USB_SIL_Init                           0x0800af10   Section        0  usb_sil.o(i.USB_SIL_Init)
    i.UsageFault_Handler                     0x0800af34   Section        0  stm32f10x_it.o(i.UsageFault_Handler)
    i.UserToPMABufferCopy                    0x0800af38   Section        0  usb_mem.o(i.UserToPMABufferCopy)
    i._sys_exit                              0x0800af70   Section        0  usart.o(i._sys_exit)
    i.delay_init                             0x0800af78   Section        0  delay.o(i.delay_init)
    i.delay_ms                               0x0800afbc   Section        0  delay.o(i.delay_ms)
    i.delay_us                               0x0800b008   Section        0  delay.o(i.delay_us)
    i.fputc                                  0x0800b054   Section        0  usart.o(i.fputc)
    i.main                                   0x0800b070   Section        0  main.o(i.main)
    i.uart_init                              0x0800b120   Section        0  usart.o(i.uart_init)
    .constdata                               0x0800b1c0   Section      349  usb_desc.o(.constdata)
    .data                                    0x20000000   Section       20  system_stm32f10x.o(.data)
    .data                                    0x20000014   Section      132  touch.o(.data)
    .data                                    0x20000098   Section        1  ft3517u.o(.data)
    .data                                    0x2000009a   Section        4  delay.o(.data)
    fac_us                                   0x2000009a   Data           1  delay.o(.data)
    fac_ms                                   0x2000009c   Data           2  delay.o(.data)
    .data                                    0x200000a0   Section        6  usart.o(.data)
    .data                                    0x200000a6   Section       20  stm32f10x_rcc.o(.data)
    APBAHBPrescTable                         0x200000a6   Data          16  stm32f10x_rcc.o(.data)
    ADCPrescTable                            0x200000b6   Data           4  stm32f10x_rcc.o(.data)
    .data                                    0x200000ba   Section        3  usb_core.o(.data)
    .data                                    0x200000c0   Section       20  usb_init.o(.data)
    .data                                    0x200000d4   Section        4  usb_int.o(.data)
    .data                                    0x200000d8   Section        1  hw_config.o(.data)
    .data                                    0x200000d9   Section       26  usb_desc.o(.data)
    .data                                    0x200000f4   Section       72  usb_istr.o(.data)
    .data                                    0x2000013c   Section      162  usb_prop.o(.data)
    .data                                    0x200001e0   Section       12  usb_pwr.o(.data)
    .bss                                     0x200001ec   Section       61  ft3517u.o(.bss)
    .bss                                     0x20000229   Section      200  usart.o(.bss)
    .bss                                     0x200002f4   Section       28  usb_init.o(.bss)
    .bss                                     0x20000310   Section       32  usb_pwr.o(.bss)
    .bss                                     0x20000330   Section       96  libspace.o(.bss)
    HEAP                                     0x20000390   Section      512  startup_stm32f10x_hd.o(HEAP)
    Heap_Mem                                 0x20000390   Data         512  startup_stm32f10x_hd.o(HEAP)
    STACK                                    0x20000590   Section     1024  startup_stm32f10x_hd.o(STACK)
    Stack_Mem                                0x20000590   Data        1024  startup_stm32f10x_hd.o(STACK)
    __initial_sp                             0x20000990   Data           0  startup_stm32f10x_hd.o(STACK)

    Global Symbols

    Symbol Name                              Value     Ov Type        Size  Object(Section)

    BuildAttributes$$THM_ISAv4$P$D$K$B$S$PE$A:L22UL41UL21$X:L11$S22US41US21$IEEE1$IW$USESV6$~STKCKD$USESV7$~SHL$OSPACE$ROPI$EBA8$UX$STANDARDLIB$REQ8$PRES8$EABIv2 0x00000000   Number         0  anon$$obj.o ABSOLUTE
    __ARM_use_no_argv                        0x00000000   Number         0  main.o ABSOLUTE
    __ARM_exceptions_init                     - Undefined Weak Reference
    __alloca_initialize                       - Undefined Weak Reference
    __arm_preinit_                            - Undefined Weak Reference
    __cpp_initialize__aeabi_                  - Undefined Weak Reference
    __cxa_finalize                            - Undefined Weak Reference
    __rt_locale                               - Undefined Weak Reference
    __sigvec_lookup                           - Undefined Weak Reference
    _atexit_init                              - Undefined Weak Reference
    _call_atexit_fns                          - Undefined Weak Reference
    _clock_init                               - Undefined Weak Reference
    _fp_trap_init                             - Undefined Weak Reference
    _fp_trap_shutdown                         - Undefined Weak Reference
    _get_lc_collate                           - Undefined Weak Reference
    _get_lc_ctype                             - Undefined Weak Reference
    _get_lc_monetary                          - Undefined Weak Reference
    _get_lc_numeric                           - Undefined Weak Reference
    _get_lc_time                              - Undefined Weak Reference
    _getenv_init                              - Undefined Weak Reference
    _handle_redirection                       - Undefined Weak Reference
    _init_alloc                               - Undefined Weak Reference
    _init_user_alloc                          - Undefined Weak Reference
    _initio                                   - Undefined Weak Reference
    _mutex_acquire                            - Undefined Weak Reference
    _mutex_release                            - Undefined Weak Reference
    _printf_post_padding                      - Undefined Weak Reference
    _printf_pre_padding                       - Undefined Weak Reference
    _printf_truncate_unsigned                 - Undefined Weak Reference
    _rand_init                                - Undefined Weak Reference
    _signal_finish                            - Undefined Weak Reference
    _signal_init                              - Undefined Weak Reference
    _terminate_alloc                          - Undefined Weak Reference
    _terminate_user_alloc                     - Undefined Weak Reference
    _terminateio                              - Undefined Weak Reference
    __Vectors_Size                           0x00000130   Number         0  startup_stm32f10x_hd.o ABSOLUTE
    __Vectors                                0x08008000   Data           4  startup_stm32f10x_hd.o(RESET)
    __Vectors_End                            0x08008130   Data           0  startup_stm32f10x_hd.o(RESET)
    __main                                   0x08008131   Thumb Code     8  __main.o(!!!main)
    __scatterload                            0x08008139   Thumb Code     0  __scatter.o(!!!scatter)
    __scatterload_rt2                        0x08008139   Thumb Code    44  __scatter.o(!!!scatter)
    __scatterload_rt2_thumb_only             0x08008139   Thumb Code     0  __scatter.o(!!!scatter)
    __scatterload_null                       0x08008147   Thumb Code     0  __scatter.o(!!!scatter)
    __decompress                             0x0800816d   Thumb Code    90  __dczerorl2.o(!!dczerorl2)
    __decompress1                            0x0800816d   Thumb Code     0  __dczerorl2.o(!!dczerorl2)
    __scatterload_zeroinit                   0x080081c9   Thumb Code    28  __scatter_zi.o(!!handler_zi)
    _printf_percent                          0x080081e5   Thumb Code     0  _printf_percent.o(.ARM.Collect$$_printf_percent$$00000000)
    _printf_percent_end                      0x080081e5   Thumb Code     0  _printf_percent_end.o(.ARM.Collect$$_printf_percent$$00000017)
    __rt_lib_init                            0x080081e9   Thumb Code     0  libinit.o(.ARM.Collect$$libinit$$00000000)
    __rt_lib_init_alloca_1                   0x080081eb   Thumb Code     0  libinit2.o(.ARM.Collect$$libinit$$0000002E)
    __rt_lib_init_argv_1                     0x080081eb   Thumb Code     0  libinit2.o(.ARM.Collect$$libinit$$0000002C)
    __rt_lib_init_atexit_1                   0x080081eb   Thumb Code     0  libinit2.o(.ARM.Collect$$libinit$$0000001B)
    __rt_lib_init_clock_1                    0x080081eb   Thumb Code     0  libinit2.o(.ARM.Collect$$libinit$$00000021)
    __rt_lib_init_cpp_1                      0x080081eb   Thumb Code     0  libinit2.o(.ARM.Collect$$libinit$$00000032)
    __rt_lib_init_exceptions_1               0x080081eb   Thumb Code     0  libinit2.o(.ARM.Collect$$libinit$$00000030)
    __rt_lib_init_fp_1                       0x080081eb   Thumb Code     0  libinit2.o(.ARM.Collect$$libinit$$00000002)
    __rt_lib_init_fp_trap_1                  0x080081eb   Thumb Code     0  libinit2.o(.ARM.Collect$$libinit$$0000001F)
    __rt_lib_init_getenv_1                   0x080081eb   Thumb Code     0  libinit2.o(.ARM.Collect$$libinit$$00000023)
    __rt_lib_init_heap_1                     0x080081eb   Thumb Code     0  libinit2.o(.ARM.Collect$$libinit$$0000000A)
    __rt_lib_init_lc_collate_1               0x080081eb   Thumb Code     0  libinit2.o(.ARM.Collect$$libinit$$00000011)
    __rt_lib_init_lc_ctype_1                 0x080081eb   Thumb Code     0  libinit2.o(.ARM.Collect$$libinit$$00000013)
    __rt_lib_init_lc_monetary_1              0x080081eb   Thumb Code     0  libinit2.o(.ARM.Collect$$libinit$$00000015)
    __rt_lib_init_lc_numeric_1               0x080081eb   Thumb Code     0  libinit2.o(.ARM.Collect$$libinit$$00000017)
    __rt_lib_init_lc_time_1                  0x080081eb   Thumb Code     0  libinit2.o(.ARM.Collect$$libinit$$00000019)
    __rt_lib_init_preinit_1                  0x080081eb   Thumb Code     0  libinit2.o(.ARM.Collect$$libinit$$00000004)
    __rt_lib_init_rand_1                     0x080081eb   Thumb Code     0  libinit2.o(.ARM.Collect$$libinit$$0000000E)
    __rt_lib_init_return                     0x080081eb   Thumb Code     0  libinit2.o(.ARM.Collect$$libinit$$00000033)
    __rt_lib_init_signal_1                   0x080081eb   Thumb Code     0  libinit2.o(.ARM.Collect$$libinit$$0000001D)
    __rt_lib_init_stdio_1                    0x080081eb   Thumb Code     0  libinit2.o(.ARM.Collect$$libinit$$00000025)
    __rt_lib_init_user_alloc_1               0x080081eb   Thumb Code     0  libinit2.o(.ARM.Collect$$libinit$$0000000C)
    __rt_lib_shutdown                        0x080081ed   Thumb Code     0  libshutdown.o(.ARM.Collect$$libshutdown$$00000000)
    __rt_lib_shutdown_cpp_1                  0x080081ef   Thumb Code     0  libshutdown2.o(.ARM.Collect$$libshutdown$$00000002)
    __rt_lib_shutdown_fp_trap_1              0x080081ef   Thumb Code     0  libshutdown2.o(.ARM.Collect$$libshutdown$$00000007)
    __rt_lib_shutdown_heap_1                 0x080081ef   Thumb Code     0  libshutdown2.o(.ARM.Collect$$libshutdown$$0000000F)
    __rt_lib_shutdown_return                 0x080081ef   Thumb Code     0  libshutdown2.o(.ARM.Collect$$libshutdown$$00000010)
    __rt_lib_shutdown_signal_1               0x080081ef   Thumb Code     0  libshutdown2.o(.ARM.Collect$$libshutdown$$0000000A)
    __rt_lib_shutdown_stdio_1                0x080081ef   Thumb Code     0  libshutdown2.o(.ARM.Collect$$libshutdown$$00000004)
    __rt_lib_shutdown_user_alloc_1           0x080081ef   Thumb Code     0  libshutdown2.o(.ARM.Collect$$libshutdown$$0000000C)
    __rt_entry                               0x080081f1   Thumb Code     0  __rtentry.o(.ARM.Collect$$rtentry$$00000000)
    __rt_entry_presh_1                       0x080081f1   Thumb Code     0  __rtentry2.o(.ARM.Collect$$rtentry$$00000002)
    __rt_entry_sh                            0x080081f1   Thumb Code     0  __rtentry4.o(.ARM.Collect$$rtentry$$00000004)
    __rt_entry_li                            0x080081f7   Thumb Code     0  __rtentry2.o(.ARM.Collect$$rtentry$$0000000A)
    __rt_entry_postsh_1                      0x080081f7   Thumb Code     0  __rtentry2.o(.ARM.Collect$$rtentry$$00000009)
    __rt_entry_main                          0x080081fb   Thumb Code     0  __rtentry2.o(.ARM.Collect$$rtentry$$0000000D)
    __rt_entry_postli_1                      0x080081fb   Thumb Code     0  __rtentry2.o(.ARM.Collect$$rtentry$$0000000C)
    __rt_exit                                0x08008203   Thumb Code     0  rtexit.o(.ARM.Collect$$rtexit$$00000000)
    __rt_exit_ls                             0x08008205   Thumb Code     0  rtexit2.o(.ARM.Collect$$rtexit$$00000003)
    __rt_exit_prels_1                        0x08008205   Thumb Code     0  rtexit2.o(.ARM.Collect$$rtexit$$00000002)
    __rt_exit_exit                           0x08008209   Thumb Code     0  rtexit2.o(.ARM.Collect$$rtexit$$00000004)
    Reset_Handler                            0x08008211   Thumb Code     8  startup_stm32f10x_hd.o(.text)
    ADC1_2_IRQHandler                        0x0800822b   Thumb Code     0  startup_stm32f10x_hd.o(.text)
    ADC3_IRQHandler                          0x0800822b   Thumb Code     0  startup_stm32f10x_hd.o(.text)
    CAN1_RX1_IRQHandler                      0x0800822b   Thumb Code     0  startup_stm32f10x_hd.o(.text)
    CAN1_SCE_IRQHandler                      0x0800822b   Thumb Code     0  startup_stm32f10x_hd.o(.text)
    DMA1_Channel1_IRQHandler                 0x0800822b   Thumb Code     0  startup_stm32f10x_hd.o(.text)
    DMA1_Channel2_IRQHandler                 0x0800822b   Thumb Code     0  startup_stm32f10x_hd.o(.text)
    DMA1_Channel3_IRQHandler                 0x0800822b   Thumb Code     0  startup_stm32f10x_hd.o(.text)
    DMA1_Channel4_IRQHandler                 0x0800822b   Thumb Code     0  startup_stm32f10x_hd.o(.text)
    DMA1_Channel5_IRQHandler                 0x0800822b   Thumb Code     0  startup_stm32f10x_hd.o(.text)
    DMA1_Channel6_IRQHandler                 0x0800822b   Thumb Code     0  startup_stm32f10x_hd.o(.text)
    DMA1_Channel7_IRQHandler                 0x0800822b   Thumb Code     0  startup_stm32f10x_hd.o(.text)
    DMA2_Channel1_IRQHandler                 0x0800822b   Thumb Code     0  startup_stm32f10x_hd.o(.text)
    DMA2_Channel2_IRQHandler                 0x0800822b   Thumb Code     0  startup_stm32f10x_hd.o(.text)
    DMA2_Channel3_IRQHandler                 0x0800822b   Thumb Code     0  startup_stm32f10x_hd.o(.text)
    DMA2_Channel4_5_IRQHandler               0x0800822b   Thumb Code     0  startup_stm32f10x_hd.o(.text)
    EXTI0_IRQHandler                         0x0800822b   Thumb Code     0  startup_stm32f10x_hd.o(.text)
    EXTI15_10_IRQHandler                     0x0800822b   Thumb Code     0  startup_stm32f10x_hd.o(.text)
    EXTI1_IRQHandler                         0x0800822b   Thumb Code     0  startup_stm32f10x_hd.o(.text)
    EXTI2_IRQHandler                         0x0800822b   Thumb Code     0  startup_stm32f10x_hd.o(.text)
    EXTI3_IRQHandler                         0x0800822b   Thumb Code     0  startup_stm32f10x_hd.o(.text)
    EXTI4_IRQHandler                         0x0800822b   Thumb Code     0  startup_stm32f10x_hd.o(.text)
    EXTI9_5_IRQHandler                       0x0800822b   Thumb Code     0  startup_stm32f10x_hd.o(.text)
    FLASH_IRQHandler                         0x0800822b   Thumb Code     0  startup_stm32f10x_hd.o(.text)
    FSMC_IRQHandler                          0x0800822b   Thumb Code     0  startup_stm32f10x_hd.o(.text)
    I2C1_ER_IRQHandler                       0x0800822b   Thumb Code     0  startup_stm32f10x_hd.o(.text)
    I2C1_EV_IRQHandler                       0x0800822b   Thumb Code     0  startup_stm32f10x_hd.o(.text)
    I2C2_ER_IRQHandler                       0x0800822b   Thumb Code     0  startup_stm32f10x_hd.o(.text)
    I2C2_EV_IRQHandler                       0x0800822b   Thumb Code     0  startup_stm32f10x_hd.o(.text)
    PVD_IRQHandler                           0x0800822b   Thumb Code     0  startup_stm32f10x_hd.o(.text)
    RCC_IRQHandler                           0x0800822b   Thumb Code     0  startup_stm32f10x_hd.o(.text)
    RTCAlarm_IRQHandler                      0x0800822b   Thumb Code     0  startup_stm32f10x_hd.o(.text)
    RTC_IRQHandler                           0x0800822b   Thumb Code     0  startup_stm32f10x_hd.o(.text)
    SDIO_IRQHandler                          0x0800822b   Thumb Code     0  startup_stm32f10x_hd.o(.text)
    SPI1_IRQHandler                          0x0800822b   Thumb Code     0  startup_stm32f10x_hd.o(.text)
    SPI2_IRQHandler                          0x0800822b   Thumb Code     0  startup_stm32f10x_hd.o(.text)
    SPI3_IRQHandler                          0x0800822b   Thumb Code     0  startup_stm32f10x_hd.o(.text)
    TAMPER_IRQHandler                        0x0800822b   Thumb Code     0  startup_stm32f10x_hd.o(.text)
    TIM1_BRK_IRQHandler                      0x0800822b   Thumb Code     0  startup_stm32f10x_hd.o(.text)
    TIM1_CC_IRQHandler                       0x0800822b   Thumb Code     0  startup_stm32f10x_hd.o(.text)
    TIM1_TRG_COM_IRQHandler                  0x0800822b   Thumb Code     0  startup_stm32f10x_hd.o(.text)
    TIM1_UP_IRQHandler                       0x0800822b   Thumb Code     0  startup_stm32f10x_hd.o(.text)
    TIM2_IRQHandler                          0x0800822b   Thumb Code     0  startup_stm32f10x_hd.o(.text)
    TIM3_IRQHandler                          0x0800822b   Thumb Code     0  startup_stm32f10x_hd.o(.text)
    TIM4_IRQHandler                          0x0800822b   Thumb Code     0  startup_stm32f10x_hd.o(.text)
    TIM5_IRQHandler                          0x0800822b   Thumb Code     0  startup_stm32f10x_hd.o(.text)
    TIM6_IRQHandler                          0x0800822b   Thumb Code     0  startup_stm32f10x_hd.o(.text)
    TIM7_IRQHandler                          0x0800822b   Thumb Code     0  startup_stm32f10x_hd.o(.text)
    TIM8_BRK_IRQHandler                      0x0800822b   Thumb Code     0  startup_stm32f10x_hd.o(.text)
    TIM8_CC_IRQHandler                       0x0800822b   Thumb Code     0  startup_stm32f10x_hd.o(.text)
    TIM8_TRG_COM_IRQHandler                  0x0800822b   Thumb Code     0  startup_stm32f10x_hd.o(.text)
    TIM8_UP_IRQHandler                       0x0800822b   Thumb Code     0  startup_stm32f10x_hd.o(.text)
    UART4_IRQHandler                         0x0800822b   Thumb Code     0  startup_stm32f10x_hd.o(.text)
    UART5_IRQHandler                         0x0800822b   Thumb Code     0  startup_stm32f10x_hd.o(.text)
    USART2_IRQHandler                        0x0800822b   Thumb Code     0  startup_stm32f10x_hd.o(.text)
    USART3_IRQHandler                        0x0800822b   Thumb Code     0  startup_stm32f10x_hd.o(.text)
    USB_HP_CAN1_TX_IRQHandler                0x0800822b   Thumb Code     0  startup_stm32f10x_hd.o(.text)
    WWDG_IRQHandler                          0x0800822b   Thumb Code     0  startup_stm32f10x_hd.o(.text)
    __user_initial_stackheap                 0x0800822d   Thumb Code     0  startup_stm32f10x_hd.o(.text)
    __use_no_semihosting                     0x08008251   Thumb Code     2  use_no_semi_2.o(.text)
    __2printf                                0x08008255   Thumb Code    20  noretval__2printf.o(.text)
    __printf                                 0x0800826d   Thumb Code   104  __printf.o(.text)
    __aeabi_memclr4                          0x080082d5   Thumb Code     0  rt_memclr_w.o(.text)
    __aeabi_memclr8                          0x080082d5   Thumb Code     0  rt_memclr_w.o(.text)
    __rt_memclr_w                            0x080082d5   Thumb Code    78  rt_memclr_w.o(.text)
    _memset_w                                0x080082d9   Thumb Code     0  rt_memclr_w.o(.text)
    __use_two_region_memory                  0x08008323   Thumb Code     2  heapauxi.o(.text)
    __rt_heap_escrow$2region                 0x08008325   Thumb Code     2  heapauxi.o(.text)
    __rt_heap_expand$2region                 0x08008327   Thumb Code     2  heapauxi.o(.text)
    __I$use$semihosting                      0x08008329   Thumb Code     0  use_no_semi.o(.text)
    __use_no_semihosting_swi                 0x08008329   Thumb Code     2  use_no_semi.o(.text)
    _printf_char_file                        0x0800832d   Thumb Code    32  _printf_char_file.o(.text)
    _printf_char_common                      0x0800835b   Thumb Code    32  _printf_char_common.o(.text)
    ferror                                   0x08008381   Thumb Code     8  ferror.o(.text)
    __user_setup_stackheap                   0x08008389   Thumb Code    74  sys_stackheap_outer.o(.text)
    exit                                     0x080083d3   Thumb Code    18  exit.o(.text)
    __user_libspace                          0x080083e5   Thumb Code     8  libspace.o(.text)
    __user_perproc_libspace                  0x080083e5   Thumb Code     0  libspace.o(.text)
    __user_perthread_libspace                0x080083e5   Thumb Code     0  libspace.o(.text)
    BusFault_Handler                         0x080083ed   Thumb Code     4  stm32f10x_it.o(i.BusFault_Handler)
    ByteSwap                                 0x080083f1   Thumb Code    12  usb_regs.o(i.ByteSwap)
    CTR_LP                                   0x080083fd   Thumb Code   616  usb_int.o(i.CTR_LP)
    CT_Delay                                 0x08008685   Thumb Code    10  ctiic.o(i.CT_Delay)
    CT_IIC_Ack                               0x08008691   Thumb Code    62  ctiic.o(i.CT_IIC_Ack)
    CT_IIC_Init                              0x080086dd   Thumb Code    54  ctiic.o(i.CT_IIC_Init)
    CT_IIC_NAck                              0x0800871d   Thumb Code    62  ctiic.o(i.CT_IIC_NAck)
    CT_IIC_Read_Byte                         0x08008769   Thumb Code    90  ctiic.o(i.CT_IIC_Read_Byte)
    CT_IIC_Send_Byte                         0x080087d1   Thumb Code    80  ctiic.o(i.CT_IIC_Send_Byte)
    CT_IIC_Start                             0x0800882d   Thumb Code    60  ctiic.o(i.CT_IIC_Start)
    CT_IIC_Stop                              0x08008875   Thumb Code    60  ctiic.o(i.CT_IIC_Stop)
    CT_IIC_Wait_Ack                          0x080088bd   Thumb Code    86  ctiic.o(i.CT_IIC_Wait_Ack)
    ClearDTOG_RX                             0x08008921   Thumb Code    48  usb_regs.o(i.ClearDTOG_RX)
    ClearDTOG_TX                             0x08008955   Thumb Code    48  usb_regs.o(i.ClearDTOG_TX)
    Clear_Status_Out                         0x08008989   Thumb Code    34  usb_regs.o(i.Clear_Status_Out)
    DebugMon_Handler                         0x08008dc5   Thumb Code     2  stm32f10x_it.o(i.DebugMon_Handler)
    EP1_IN_Callback                          0x08008dc9   Thumb Code     8  usb_endp.o(i.EP1_IN_Callback)
    EXTI_ClearITPendingBit                   0x08008dd5   Thumb Code     6  stm32f10x_exti.o(i.EXTI_ClearITPendingBit)
    EXTI_Init                                0x08008de1   Thumb Code   142  stm32f10x_exti.o(i.EXTI_Init)
    Enter_LowPowerMode                       0x08008e75   Thumb Code    16  hw_config.o(i.Enter_LowPowerMode)
    FT3517U_Init                             0x08008ea5   Thumb Code   222  ft3517u.o(i.FT3517U_Init)
    FT3517U_RD_Reg                           0x08008fa1   Thumb Code    96  ft3517u.o(i.FT3517U_RD_Reg)
    FT3517U_Scan                             0x08009001   Thumb Code   828  ft3517u.o(i.FT3517U_Scan)
    FT5206_RD_Reg                            0x08009349   Thumb Code    88  ft5206.o(i.FT5206_RD_Reg)
    FT5206_WR_Reg                            0x080093a1   Thumb Code    82  ft5206.o(i.FT5206_WR_Reg)
    GPIO_Init                                0x080093f3   Thumb Code   278  stm32f10x_gpio.o(i.GPIO_Init)
    GPIO_PinRemapConfig                      0x08009509   Thumb Code   138  stm32f10x_gpio.o(i.GPIO_PinRemapConfig)
    GPIO_ResetBits                           0x08009599   Thumb Code     4  stm32f10x_gpio.o(i.GPIO_ResetBits)
    GPIO_SetBits                             0x0800959d   Thumb Code     4  stm32f10x_gpio.o(i.GPIO_SetBits)
    GetEPRxAddr                              0x080095a1   Thumb Code    24  usb_regs.o(i.GetEPRxAddr)
    GetEPTxAddr                              0x080095c1   Thumb Code    22  usb_regs.o(i.GetEPTxAddr)
    Get_SerialNum                            0x080095e1   Thumb Code    42  hw_config.o(i.Get_SerialNum)
    HardFault_Handler                        0x08009615   Thumb Code     4  stm32f10x_it.o(i.HardFault_Handler)
    In0_Process                              0x08009619   Thumb Code    98  usb_core.o(i.In0_Process)
    Joystick_Data_Setup                      0x080096c9   Thumb Code   214  usb_prop.o(i.Joystick_Data_Setup)
    Joystick_GetConfigDescriptor             0x080097bd   Thumb Code    14  usb_prop.o(i.Joystick_GetConfigDescriptor)
    Joystick_GetDeviceDescriptor             0x080097d1   Thumb Code    14  usb_prop.o(i.Joystick_GetDeviceDescriptor)
    Joystick_GetHIDDescriptor                0x080097e5   Thumb Code    14  usb_prop.o(i.Joystick_GetHIDDescriptor)
    Joystick_GetProtocolValue                0x080097f9   Thumb Code    20  usb_prop.o(i.Joystick_GetProtocolValue)
    Joystick_GetReport                       0x08009815   Thumb Code    20  usb_prop.o(i.Joystick_GetReport)
    Joystick_GetReportDescriptor             0x08009831   Thumb Code    14  usb_prop.o(i.Joystick_GetReportDescriptor)
    Joystick_GetStringDescriptor             0x08009845   Thumb Code    32  usb_prop.o(i.Joystick_GetStringDescriptor)
    Joystick_Get_Interface_Setting           0x0800986d   Thumb Code    22  usb_prop.o(i.Joystick_Get_Interface_Setting)
    Joystick_NoData_Setup                    0x08009885   Thumb Code    56  usb_prop.o(i.Joystick_NoData_Setup)
    Joystick_Reset                           0x080098c1   Thumb Code   148  usb_prop.o(i.Joystick_Reset)
    Joystick_SetConfiguration                0x08009965   Thumb Code    14  usb_prop.o(i.Joystick_SetConfiguration)
    Joystick_SetDeviceAddress                0x0800997d   Thumb Code     8  usb_prop.o(i.Joystick_SetDeviceAddress)
    Joystick_SetIdle                         0x08009989   Thumb Code     4  usb_prop.o(i.Joystick_SetIdle)
    Joystick_SetProtocol                     0x0800998d   Thumb Code    14  usb_prop.o(i.Joystick_SetProtocol)
    Joystick_SetReport                       0x080099a5   Thumb Code    20  usb_prop.o(i.Joystick_SetReport)
    Joystick_Status_In                       0x080099c1   Thumb Code    24  usb_prop.o(i.Joystick_Status_In)
    Joystick_Status_Out                      0x080099e5   Thumb Code     2  usb_prop.o(i.Joystick_Status_Out)
    Joystick_init                            0x080099e9   Thumb Code    30  usb_prop.o(i.Joystick_init)
    Leave_LowPowerMode                       0x08009a11   Thumb Code    22  hw_config.o(i.Leave_LowPowerMode)
    MemManage_Handler                        0x08009a31   Thumb Code     4  stm32f10x_it.o(i.MemManage_Handler)
    MulTouch_Send                            0x08009a35   Thumb Code   244  hw_config.o(i.MulTouch_Send)
    NMI_Handler                              0x08009b2d   Thumb Code     2  stm32f10x_it.o(i.NMI_Handler)
    NOP_Process                              0x08009b2f   Thumb Code     2  usb_core.o(i.NOP_Process)
    NVIC_Init                                0x08009b31   Thumb Code   100  misc.o(i.NVIC_Init)
    NVIC_PriorityGroupConfig                 0x08009ba1   Thumb Code    10  misc.o(i.NVIC_PriorityGroupConfig)
    Out0_Process                             0x08009ced   Thumb Code    70  usb_core.o(i.Out0_Process)
    PMAToUserBufferCopy                      0x08009d3d   Thumb Code    34  usb_mem.o(i.PMAToUserBufferCopy)
    PendSV_Handler                           0x08009d65   Thumb Code     2  stm32f10x_it.o(i.PendSV_Handler)
    Post0_Process                            0x08009d69   Thumb Code    54  usb_core.o(i.Post0_Process)
    PowerOn                                  0x08009db1   Thumb Code    54  usb_pwr.o(i.PowerOn)
    RCC_APB1PeriphClockCmd                   0x08009df1   Thumb Code    26  stm32f10x_rcc.o(i.RCC_APB1PeriphClockCmd)
    RCC_APB2PeriphClockCmd                   0x08009e11   Thumb Code    26  stm32f10x_rcc.o(i.RCC_APB2PeriphClockCmd)
    RCC_GetClocksFreq                        0x08009e31   Thumb Code   192  stm32f10x_rcc.o(i.RCC_GetClocksFreq)
    RCC_USBCLKConfig                         0x08009f05   Thumb Code     6  stm32f10x_rcc.o(i.RCC_USBCLKConfig)
    Resume                                   0x08009f11   Thumb Code   194  usb_pwr.o(i.Resume)
    Resume_Init                              0x08009fe1   Thumb Code    30  usb_pwr.o(i.Resume_Init)
    SGPIO_Init                               0x0800a005   Thumb Code    46  main.o(i.SGPIO_Init)
    SVC_Handler                              0x0800a03d   Thumb Code     2  stm32f10x_it.o(i.SVC_Handler)
    SetBTABLE                                0x0800a041   Thumb Code    12  usb_regs.o(i.SetBTABLE)
    SetDeviceAddress                         0x0800a051   Thumb Code    68  usb_core.o(i.SetDeviceAddress)
    SetEPRxAddr                              0x0800a0a1   Thumb Code    26  usb_regs.o(i.SetEPRxAddr)
    SetEPRxCount                             0x0800a0c5   Thumb Code    68  usb_regs.o(i.SetEPRxCount)
    SetEPRxStatus                            0x0800a111   Thumb Code    60  usb_regs.o(i.SetEPRxStatus)
    SetEPRxValid                             0x0800a151   Thumb Code    48  usb_regs.o(i.SetEPRxValid)
    SetEPTxAddr                              0x0800a185   Thumb Code    24  usb_regs.o(i.SetEPTxAddr)
    SetEPTxCount                             0x0800a1a5   Thumb Code    20  usb_regs.o(i.SetEPTxCount)
    SetEPTxStatus                            0x0800a1c1   Thumb Code    60  usb_regs.o(i.SetEPTxStatus)
    SetEPTxValid                             0x0800a201   Thumb Code    48  usb_regs.o(i.SetEPTxValid)
    SetEPType                                0x0800a235   Thumb Code    32  usb_regs.o(i.SetEPType)
    Set_USBClock                             0x0800a341   Thumb Code    18  hw_config.o(i.Set_USBClock)
    Setup0_Process                           0x0800a355   Thumb Code   170  usb_core.o(i.Setup0_Process)
    Standard_ClearFeature                    0x0800a40d   Thumb Code   342  usb_core.o(i.Standard_ClearFeature)
    Standard_GetConfiguration                0x0800a579   Thumb Code    34  usb_core.o(i.Standard_GetConfiguration)
    Standard_GetDescriptorData               0x0800a5a5   Thumb Code    32  usb_core.o(i.Standard_GetDescriptorData)
    Standard_GetInterface                    0x0800a5c9   Thumb Code    34  usb_core.o(i.Standard_GetInterface)
    Standard_GetStatus                       0x0800a5f5   Thumb Code   238  usb_core.o(i.Standard_GetStatus)
    Standard_SetConfiguration                0x0800a6f5   Thumb Code    60  usb_core.o(i.Standard_SetConfiguration)
    Standard_SetDeviceFeature                0x0800a73d   Thumb Code    30  usb_core.o(i.Standard_SetDeviceFeature)
    Standard_SetEndPointFeature              0x0800a765   Thumb Code   192  usb_core.o(i.Standard_SetEndPointFeature)
    Standard_SetInterface                    0x0800a835   Thumb Code    96  usb_core.o(i.Standard_SetInterface)
    Suspend                                  0x0800a8a1   Thumb Code   142  usb_pwr.o(i.Suspend)
    SysTick_CLKSourceConfig                  0x0800a93d   Thumb Code    40  misc.o(i.SysTick_CLKSourceConfig)
    SysTick_Handler                          0x0800a965   Thumb Code     2  stm32f10x_it.o(i.SysTick_Handler)
    SystemInit                               0x0800a969   Thumb Code    78  system_stm32f10x.o(i.SystemInit)
    TP_Init                                  0x0800a9c9   Thumb Code    16  touch.o(i.TP_Init)
    USART1_IRQHandler                        0x0800a9e1   Thumb Code   122  usart.o(i.USART1_IRQHandler)
    USART_Cmd                                0x0800aa69   Thumb Code    24  stm32f10x_usart.o(i.USART_Cmd)
    USART_GetITStatus                        0x0800aa81   Thumb Code    84  stm32f10x_usart.o(i.USART_GetITStatus)
    USART_ITConfig                           0x0800aad5   Thumb Code    74  stm32f10x_usart.o(i.USART_ITConfig)
    USART_Init                               0x0800ab21   Thumb Code   210  stm32f10x_usart.o(i.USART_Init)
    USART_ReceiveData                        0x0800abf9   Thumb Code    10  stm32f10x_usart.o(i.USART_ReceiveData)
    USBWakeUp_IRQHandler                     0x0800ac03   Thumb Code    12  hw_config.o(i.USBWakeUp_IRQHandler)
    USB_Cable_Config                         0x0800ac11   Thumb Code    22  hw_config.o(i.USB_Cable_Config)
    USB_Init                                 0x0800ac59   Thumb Code    44  usb_init.o(i.USB_Init)
    USB_Interrupts_Config                    0x0800ac9d   Thumb Code    84  hw_config.o(i.USB_Interrupts_Config)
    USB_Istr                                 0x0800acf1   Thumb Code   460  usb_istr.o(i.USB_Istr)
    USB_LP_CAN1_RX0_IRQHandler               0x0800aee9   Thumb Code     8  hw_config.o(i.USB_LP_CAN1_RX0_IRQHandler)
    USB_Port_Set                             0x0800aef1   Thumb Code    26  hw_config.o(i.USB_Port_Set)
    USB_SIL_Init                             0x0800af11   Thumb Code    28  usb_sil.o(i.USB_SIL_Init)
    UsageFault_Handler                       0x0800af35   Thumb Code     4  stm32f10x_it.o(i.UsageFault_Handler)
    UserToPMABufferCopy                      0x0800af39   Thumb Code    52  usb_mem.o(i.UserToPMABufferCopy)
    _sys_exit                                0x0800af71   Thumb Code     6  usart.o(i._sys_exit)
    delay_init                               0x0800af79   Thumb Code    50  delay.o(i.delay_init)
    delay_ms                                 0x0800afbd   Thumb Code    72  delay.o(i.delay_ms)
    delay_us                                 0x0800b009   Thumb Code    72  delay.o(i.delay_us)
    fputc                                    0x0800b055   Thumb Code    24  usart.o(i.fputc)
    main                                     0x0800b071   Thumb Code   164  main.o(i.main)
    uart_init                                0x0800b121   Thumb Code   152  usart.o(i.uart_init)
    Joystick_DeviceDescriptor                0x0800b1c0   Data          18  usb_desc.o(.constdata)
    Joystick_ConfigDescriptor                0x0800b1d2   Data          34  usb_desc.o(.constdata)
    Joystick_ReportDescriptor                0x0800b1f4   Data         245  usb_desc.o(.constdata)
    Joystick_StringLangID                    0x0800b2e9   Data           4  usb_desc.o(.constdata)
    Joystick_StringVendor                    0x0800b2ed   Data          16  usb_desc.o(.constdata)
    Joystick_StringProduct                   0x0800b2fd   Data          32  usb_desc.o(.constdata)
    Region$$Table$$Base                      0x0800b320   Number         0  anon$$obj.o(Region$$Table)
    Region$$Table$$Limit                     0x0800b340   Number         0  anon$$obj.o(Region$$Table)
    SystemCoreClock                          0x20000000   Data           4  system_stm32f10x.o(.data)
    AHBPrescTable                            0x20000004   Data          16  system_stm32f10x.o(.data)
    tp_dev                                   0x20000014   Data         132  touch.o(.data)
    lastPoint                                0x20000098   Data           1  ft3517u.o(.data)
    __stdout                                 0x200000a0   Data           4  usart.o(.data)
    USART_RX_STA                             0x200000a4   Data           2  usart.o(.data)
    StatusInfo                               0x200000ba   Data           2  usb_core.o(.data)
    Data_Mul_MaxPacketSize                   0x200000bc   Data           1  usb_core.o(.data)
    EPindex                                  0x200000c0   Data           1  usb_init.o(.data)
    pInformation                             0x200000c4   Data           4  usb_init.o(.data)
    pProperty                                0x200000c8   Data           4  usb_init.o(.data)
    SaveState                                0x200000cc   Data           2  usb_init.o(.data)
    wInterrupt_Mask                          0x200000ce   Data           2  usb_init.o(.data)
    pUser_Standard_Requests                  0x200000d0   Data           4  usb_init.o(.data)
    SaveRState                               0x200000d4   Data           2  usb_int.o(.data)
    SaveTState                               0x200000d6   Data           2  usb_int.o(.data)
    PrevXferComplete                         0x200000d8   Data           1  hw_config.o(.data)
    Joystick_StringSerial                    0x200000d9   Data          26  usb_desc.o(.data)
    USB_flag                                 0x200000f4   Data           1  usb_istr.o(.data)
    wIstr                                    0x200000f6   Data           2  usb_istr.o(.data)
    bIntPackSOF                              0x200000f8   Data           1  usb_istr.o(.data)
    esof_counter                             0x200000fc   Data           4  usb_istr.o(.data)
    wCNTR                                    0x20000100   Data           4  usb_istr.o(.data)
    pEpInt_IN                                0x20000104   Data          28  usb_istr.o(.data)
    pEpInt_OUT                               0x20000120   Data          28  usb_istr.o(.data)
    ProtocolValue                            0x2000013c   Data           4  usb_prop.o(.data)
    Request                                  0x20000140   Data           1  usb_prop.o(.data)
    TMode                                    0x20000141   Data           1  usb_prop.o(.data)
    TouchMode                                0x20000142   Data           3  usb_prop.o(.data)
    Device_Table                             0x20000145   Data           2  usb_prop.o(.data)
    Device_Property                          0x20000148   Data          48  usb_prop.o(.data)
    User_Standard_Requests                   0x20000178   Data          36  usb_prop.o(.data)
    Device_Descriptor                        0x2000019c   Data           8  usb_prop.o(.data)
    Config_Descriptor                        0x200001a4   Data           8  usb_prop.o(.data)
    Joystick_Report_Descriptor               0x200001ac   Data           8  usb_prop.o(.data)
    Mouse_Hid_Descriptor                     0x200001b4   Data           8  usb_prop.o(.data)
    String_Descriptor                        0x200001bc   Data          32  usb_prop.o(.data)
    MaxContactCountReport                    0x200001dc   Data           2  usb_prop.o(.data)
    bDeviceState                             0x200001e0   Data           4  usb_pwr.o(.data)
    fSuspendEnabled                          0x200001e4   Data           1  usb_pwr.o(.data)
    ResumeS                                  0x200001e5   Data           2  usb_pwr.o(.data)
    remotewakeupon                           0x200001e8   Data           4  usb_pwr.o(.data)
    TouchBuf                                 0x200001ec   Data          61  ft3517u.o(.bss)
    USART_RX_BUF                             0x20000229   Data         200  usart.o(.bss)
    Device_Info                              0x200002f4   Data          28  usb_init.o(.bss)
    EP                                       0x20000310   Data          32  usb_pwr.o(.bss)
    __libspace_start                         0x20000330   Data          96  libspace.o(.bss)
    __temporary_stack_top$libspace           0x20000390   Data           0  libspace.o(.bss)



==============================================================================

Memory Map of the image

  Image Entry point : 0x08008131

  Load Region LR_IROM1 (Base: 0x08008000, Size: 0x0000352c, Max: 0x00007fff, ABSOLUTE, COMPRESSED[0x000033dc])

    Execution Region ER_IROM1 (Exec base: 0x08008000, Load base: 0x08008000, Size: 0x00003340, Max: 0x00007fff, ABSOLUTE)

    Exec Addr    Load Addr    Size         Type   Attr      Idx    E Section Name        Object

    0x08008000   0x08008000   0x00000130   Data   RO          758    RESET               startup_stm32f10x_hd.o
    0x08008130   0x08008130   0x00000008   Code   RO         2354  * !!!main             c_w.l(__main.o)
    0x08008138   0x08008138   0x00000034   Code   RO         2541    !!!scatter          c_w.l(__scatter.o)
    0x0800816c   0x0800816c   0x0000005a   Code   RO         2539    !!dczerorl2         c_w.l(__dczerorl2.o)
    0x080081c6   0x080081c6   0x00000002   PAD
    0x080081c8   0x080081c8   0x0000001c   Code   RO         2543    !!handler_zi        c_w.l(__scatter_zi.o)
    0x080081e4   0x080081e4   0x00000000   Code   RO         2347    .ARM.Collect$$_printf_percent$$00000000  c_w.l(_printf_percent.o)
    0x080081e4   0x080081e4   0x00000004   Code   RO         2375    .ARM.Collect$$_printf_percent$$00000017  c_w.l(_printf_percent_end.o)
    0x080081e8   0x080081e8   0x00000002   Code   RO         2413    .ARM.Collect$$libinit$$00000000  c_w.l(libinit.o)
    0x080081ea   0x080081ea   0x00000000   Code   RO         2420    .ARM.Collect$$libinit$$00000002  c_w.l(libinit2.o)
    0x080081ea   0x080081ea   0x00000000   Code   RO         2422    .ARM.Collect$$libinit$$00000004  c_w.l(libinit2.o)
    0x080081ea   0x080081ea   0x00000000   Code   RO         2425    .ARM.Collect$$libinit$$0000000A  c_w.l(libinit2.o)
    0x080081ea   0x080081ea   0x00000000   Code   RO         2427    .ARM.Collect$$libinit$$0000000C  c_w.l(libinit2.o)
    0x080081ea   0x080081ea   0x00000000   Code   RO         2429    .ARM.Collect$$libinit$$0000000E  c_w.l(libinit2.o)
    0x080081ea   0x080081ea   0x00000000   Code   RO         2432    .ARM.Collect$$libinit$$00000011  c_w.l(libinit2.o)
    0x080081ea   0x080081ea   0x00000000   Code   RO         2434    .ARM.Collect$$libinit$$00000013  c_w.l(libinit2.o)
    0x080081ea   0x080081ea   0x00000000   Code   RO         2436    .ARM.Collect$$libinit$$00000015  c_w.l(libinit2.o)
    0x080081ea   0x080081ea   0x00000000   Code   RO         2438    .ARM.Collect$$libinit$$00000017  c_w.l(libinit2.o)
    0x080081ea   0x080081ea   0x00000000   Code   RO         2440    .ARM.Collect$$libinit$$00000019  c_w.l(libinit2.o)
    0x080081ea   0x080081ea   0x00000000   Code   RO         2442    .ARM.Collect$$libinit$$0000001B  c_w.l(libinit2.o)
    0x080081ea   0x080081ea   0x00000000   Code   RO         2444    .ARM.Collect$$libinit$$0000001D  c_w.l(libinit2.o)
    0x080081ea   0x080081ea   0x00000000   Code   RO         2446    .ARM.Collect$$libinit$$0000001F  c_w.l(libinit2.o)
    0x080081ea   0x080081ea   0x00000000   Code   RO         2448    .ARM.Collect$$libinit$$00000021  c_w.l(libinit2.o)
    0x080081ea   0x080081ea   0x00000000   Code   RO         2450    .ARM.Collect$$libinit$$00000023  c_w.l(libinit2.o)
    0x080081ea   0x080081ea   0x00000000   Code   RO         2452    .ARM.Collect$$libinit$$00000025  c_w.l(libinit2.o)
    0x080081ea   0x080081ea   0x00000000   Code   RO         2456    .ARM.Collect$$libinit$$0000002C  c_w.l(libinit2.o)
    0x080081ea   0x080081ea   0x00000000   Code   RO         2458    .ARM.Collect$$libinit$$0000002E  c_w.l(libinit2.o)
    0x080081ea   0x080081ea   0x00000000   Code   RO         2460    .ARM.Collect$$libinit$$00000030  c_w.l(libinit2.o)
    0x080081ea   0x080081ea   0x00000000   Code   RO         2462    .ARM.Collect$$libinit$$00000032  c_w.l(libinit2.o)
    0x080081ea   0x080081ea   0x00000002   Code   RO         2463    .ARM.Collect$$libinit$$00000033  c_w.l(libinit2.o)
    0x080081ec   0x080081ec   0x00000002   Code   RO         2481    .ARM.Collect$$libshutdown$$00000000  c_w.l(libshutdown.o)
    0x080081ee   0x080081ee   0x00000000   Code   RO         2491    .ARM.Collect$$libshutdown$$00000002  c_w.l(libshutdown2.o)
    0x080081ee   0x080081ee   0x00000000   Code   RO         2493    .ARM.Collect$$libshutdown$$00000004  c_w.l(libshutdown2.o)
    0x080081ee   0x080081ee   0x00000000   Code   RO         2496    .ARM.Collect$$libshutdown$$00000007  c_w.l(libshutdown2.o)
    0x080081ee   0x080081ee   0x00000000   Code   RO         2499    .ARM.Collect$$libshutdown$$0000000A  c_w.l(libshutdown2.o)
    0x080081ee   0x080081ee   0x00000000   Code   RO         2501    .ARM.Collect$$libshutdown$$0000000C  c_w.l(libshutdown2.o)
    0x080081ee   0x080081ee   0x00000000   Code   RO         2504    .ARM.Collect$$libshutdown$$0000000F  c_w.l(libshutdown2.o)
    0x080081ee   0x080081ee   0x00000002   Code   RO         2505    .ARM.Collect$$libshutdown$$00000010  c_w.l(libshutdown2.o)
    0x080081f0   0x080081f0   0x00000000   Code   RO         2370    .ARM.Collect$$rtentry$$00000000  c_w.l(__rtentry.o)
    0x080081f0   0x080081f0   0x00000000   Code   RO         2382    .ARM.Collect$$rtentry$$00000002  c_w.l(__rtentry2.o)
    0x080081f0   0x080081f0   0x00000006   Code   RO         2394    .ARM.Collect$$rtentry$$00000004  c_w.l(__rtentry4.o)
    0x080081f6   0x080081f6   0x00000000   Code   RO         2384    .ARM.Collect$$rtentry$$00000009  c_w.l(__rtentry2.o)
    0x080081f6   0x080081f6   0x00000004   Code   RO         2385    .ARM.Collect$$rtentry$$0000000A  c_w.l(__rtentry2.o)
    0x080081fa   0x080081fa   0x00000000   Code   RO         2387    .ARM.Collect$$rtentry$$0000000C  c_w.l(__rtentry2.o)
    0x080081fa   0x080081fa   0x00000008   Code   RO         2388    .ARM.Collect$$rtentry$$0000000D  c_w.l(__rtentry2.o)
    0x08008202   0x08008202   0x00000002   Code   RO         2417    .ARM.Collect$$rtexit$$00000000  c_w.l(rtexit.o)
    0x08008204   0x08008204   0x00000000   Code   RO         2465    .ARM.Collect$$rtexit$$00000002  c_w.l(rtexit2.o)
    0x08008204   0x08008204   0x00000004   Code   RO         2466    .ARM.Collect$$rtexit$$00000003  c_w.l(rtexit2.o)
    0x08008208   0x08008208   0x00000006   Code   RO         2467    .ARM.Collect$$rtexit$$00000004  c_w.l(rtexit2.o)
    0x0800820e   0x0800820e   0x00000002   PAD
    0x08008210   0x08008210   0x00000040   Code   RO          759    .text               startup_stm32f10x_hd.o
    0x08008250   0x08008250   0x00000002   Code   RO         2297    .text               c_w.l(use_no_semi_2.o)
    0x08008252   0x08008252   0x00000002   PAD
    0x08008254   0x08008254   0x00000018   Code   RO         2301    .text               c_w.l(noretval__2printf.o)
    0x0800826c   0x0800826c   0x00000068   Code   RO         2303    .text               c_w.l(__printf.o)
    0x080082d4   0x080082d4   0x0000004e   Code   RO         2348    .text               c_w.l(rt_memclr_w.o)
    0x08008322   0x08008322   0x00000006   Code   RO         2352    .text               c_w.l(heapauxi.o)
    0x08008328   0x08008328   0x00000002   Code   RO         2368    .text               c_w.l(use_no_semi.o)
    0x0800832a   0x0800832a   0x00000002   PAD
    0x0800832c   0x0800832c   0x00000024   Code   RO         2373    .text               c_w.l(_printf_char_file.o)
    0x08008350   0x08008350   0x00000030   Code   RO         2396    .text               c_w.l(_printf_char_common.o)
    0x08008380   0x08008380   0x00000008   Code   RO         2398    .text               c_w.l(ferror.o)
    0x08008388   0x08008388   0x0000004a   Code   RO         2402    .text               c_w.l(sys_stackheap_outer.o)
    0x080083d2   0x080083d2   0x00000012   Code   RO         2406    .text               c_w.l(exit.o)
    0x080083e4   0x080083e4   0x00000008   Code   RO         2414    .text               c_w.l(libspace.o)
    0x080083ec   0x080083ec   0x00000004   Code   RO          148    i.BusFault_Handler  stm32f10x_it.o
    0x080083f0   0x080083f0   0x0000000c   Code   RO         1594    i.ByteSwap          usb_regs.o
    0x080083fc   0x080083fc   0x00000288   Code   RO         1547    i.CTR_LP            usb_int.o
    0x08008684   0x08008684   0x0000000a   Code   RO          535    i.CT_Delay          ctiic.o
    0x0800868e   0x0800868e   0x00000002   PAD
    0x08008690   0x08008690   0x0000004c   Code   RO          536    i.CT_IIC_Ack        ctiic.o
    0x080086dc   0x080086dc   0x00000040   Code   RO          537    i.CT_IIC_Init       ctiic.o
    0x0800871c   0x0800871c   0x0000004c   Code   RO          538    i.CT_IIC_NAck       ctiic.o
    0x08008768   0x08008768   0x00000068   Code   RO          539    i.CT_IIC_Read_Byte  ctiic.o
    0x080087d0   0x080087d0   0x0000005c   Code   RO          540    i.CT_IIC_Send_Byte  ctiic.o
    0x0800882c   0x0800882c   0x00000048   Code   RO          541    i.CT_IIC_Start      ctiic.o
    0x08008874   0x08008874   0x00000048   Code   RO          542    i.CT_IIC_Stop       ctiic.o
    0x080088bc   0x080088bc   0x00000064   Code   RO          543    i.CT_IIC_Wait_Ack   ctiic.o
    0x08008920   0x08008920   0x00000034   Code   RO         1595    i.ClearDTOG_RX      usb_regs.o
    0x08008954   0x08008954   0x00000034   Code   RO         1596    i.ClearDTOG_TX      usb_regs.o
    0x08008988   0x08008988   0x00000028   Code   RO         1601    i.Clear_Status_Out  usb_regs.o
    0x080089b0   0x080089b0   0x000000c0   Code   RO         1398    i.DataStageIn       usb_core.o
    0x08008a70   0x08008a70   0x000000bc   Code   RO         1399    i.DataStageOut      usb_core.o
    0x08008b2c   0x08008b2c   0x00000298   Code   RO         1400    i.Data_Setup0       usb_core.o
    0x08008dc4   0x08008dc4   0x00000002   Code   RO          149    i.DebugMon_Handler  stm32f10x_it.o
    0x08008dc6   0x08008dc6   0x00000002   PAD
    0x08008dc8   0x08008dc8   0x0000000c   Code   RO         2082    i.EP1_IN_Callback   usb_endp.o
    0x08008dd4   0x08008dd4   0x0000000c   Code   RO         1345    i.EXTI_ClearITPendingBit  stm32f10x_exti.o
    0x08008de0   0x08008de0   0x00000094   Code   RO         1350    i.EXTI_Init         stm32f10x_exti.o
    0x08008e74   0x08008e74   0x00000030   Code   RO         1978    i.Enter_LowPowerMode  hw_config.o
    0x08008ea4   0x08008ea4   0x000000fc   Code   RO          661    i.FT3517U_Init      ft3517u.o
    0x08008fa0   0x08008fa0   0x00000060   Code   RO          662    i.FT3517U_RD_Reg    ft3517u.o
    0x08009000   0x08009000   0x00000348   Code   RO          663    i.FT3517U_Scan      ft3517u.o
    0x08009348   0x08009348   0x00000058   Code   RO          697    i.FT5206_RD_Reg     ft5206.o
    0x080093a0   0x080093a0   0x00000052   Code   RO          699    i.FT5206_WR_Reg     ft5206.o
    0x080093f2   0x080093f2   0x00000116   Code   RO          820    i.GPIO_Init         stm32f10x_gpio.o
    0x08009508   0x08009508   0x00000090   Code   RO          822    i.GPIO_PinRemapConfig  stm32f10x_gpio.o
    0x08009598   0x08009598   0x00000004   Code   RO          827    i.GPIO_ResetBits    stm32f10x_gpio.o
    0x0800959c   0x0800959c   0x00000004   Code   RO          828    i.GPIO_SetBits      stm32f10x_gpio.o
    0x080095a0   0x080095a0   0x00000020   Code   RO         1613    i.GetEPRxAddr       usb_regs.o
    0x080095c0   0x080095c0   0x00000020   Code   RO         1616    i.GetEPTxAddr       usb_regs.o
    0x080095e0   0x080095e0   0x00000034   Code   RO         1979    i.Get_SerialNum     hw_config.o
    0x08009614   0x08009614   0x00000004   Code   RO          150    i.HardFault_Handler  stm32f10x_it.o
    0x08009618   0x08009618   0x00000070   Code   RO         1401    i.In0_Process       usb_core.o
    0x08009688   0x08009688   0x0000003e   Code   RO         1980    i.IntToUnicode      hw_config.o
    0x080096c6   0x080096c6   0x00000002   PAD
    0x080096c8   0x080096c8   0x000000f4   Code   RO         2120    i.Joystick_Data_Setup  usb_prop.o
    0x080097bc   0x080097bc   0x00000014   Code   RO         2121    i.Joystick_GetConfigDescriptor  usb_prop.o
    0x080097d0   0x080097d0   0x00000014   Code   RO         2122    i.Joystick_GetDeviceDescriptor  usb_prop.o
    0x080097e4   0x080097e4   0x00000014   Code   RO         2123    i.Joystick_GetHIDDescriptor  usb_prop.o
    0x080097f8   0x080097f8   0x0000001c   Code   RO         2124    i.Joystick_GetProtocolValue  usb_prop.o
    0x08009814   0x08009814   0x0000001c   Code   RO         2125    i.Joystick_GetReport  usb_prop.o
    0x08009830   0x08009830   0x00000014   Code   RO         2126    i.Joystick_GetReportDescriptor  usb_prop.o
    0x08009844   0x08009844   0x00000028   Code   RO         2127    i.Joystick_GetStringDescriptor  usb_prop.o
    0x0800986c   0x0800986c   0x00000016   Code   RO         2128    i.Joystick_Get_Interface_Setting  usb_prop.o
    0x08009882   0x08009882   0x00000002   PAD
    0x08009884   0x08009884   0x0000003c   Code   RO         2129    i.Joystick_NoData_Setup  usb_prop.o
    0x080098c0   0x080098c0   0x000000a4   Code   RO         2130    i.Joystick_Reset    usb_prop.o
    0x08009964   0x08009964   0x00000018   Code   RO         2131    i.Joystick_SetConfiguration  usb_prop.o
    0x0800997c   0x0800997c   0x0000000c   Code   RO         2132    i.Joystick_SetDeviceAddress  usb_prop.o
    0x08009988   0x08009988   0x00000004   Code   RO         2133    i.Joystick_SetIdle  usb_prop.o
    0x0800998c   0x0800998c   0x00000018   Code   RO         2134    i.Joystick_SetProtocol  usb_prop.o
    0x080099a4   0x080099a4   0x0000001c   Code   RO         2135    i.Joystick_SetReport  usb_prop.o
    0x080099c0   0x080099c0   0x00000024   Code   RO         2136    i.Joystick_Status_In  usb_prop.o
    0x080099e4   0x080099e4   0x00000002   Code   RO         2137    i.Joystick_Status_Out  usb_prop.o
    0x080099e6   0x080099e6   0x00000002   PAD
    0x080099e8   0x080099e8   0x00000028   Code   RO         2138    i.Joystick_init     usb_prop.o
    0x08009a10   0x08009a10   0x00000020   Code   RO         1982    i.Leave_LowPowerMode  hw_config.o
    0x08009a30   0x08009a30   0x00000004   Code   RO          151    i.MemManage_Handler  stm32f10x_it.o
    0x08009a34   0x08009a34   0x000000f8   Code   RO         1983    i.MulTouch_Send     hw_config.o
    0x08009b2c   0x08009b2c   0x00000002   Code   RO          152    i.NMI_Handler       stm32f10x_it.o
    0x08009b2e   0x08009b2e   0x00000002   Code   RO         1402    i.NOP_Process       usb_core.o
    0x08009b30   0x08009b30   0x00000070   Code   RO         1308    i.NVIC_Init         misc.o
    0x08009ba0   0x08009ba0   0x00000014   Code   RO         1309    i.NVIC_PriorityGroupConfig  misc.o
    0x08009bb4   0x08009bb4   0x00000138   Code   RO         1403    i.NoData_Setup0     usb_core.o
    0x08009cec   0x08009cec   0x00000050   Code   RO         1404    i.Out0_Process      usb_core.o
    0x08009d3c   0x08009d3c   0x00000028   Code   RO         1576    i.PMAToUserBufferCopy  usb_mem.o
    0x08009d64   0x08009d64   0x00000002   Code   RO          153    i.PendSV_Handler    stm32f10x_it.o
    0x08009d66   0x08009d66   0x00000002   PAD
    0x08009d68   0x08009d68   0x00000048   Code   RO         1405    i.Post0_Process     usb_core.o
    0x08009db0   0x08009db0   0x00000040   Code   RO         2253    i.PowerOn           usb_pwr.o
    0x08009df0   0x08009df0   0x00000020   Code   RO          930    i.RCC_APB1PeriphClockCmd  stm32f10x_rcc.o
    0x08009e10   0x08009e10   0x00000020   Code   RO          932    i.RCC_APB2PeriphClockCmd  stm32f10x_rcc.o
    0x08009e30   0x08009e30   0x000000d4   Code   RO          940    i.RCC_GetClocksFreq  stm32f10x_rcc.o
    0x08009f04   0x08009f04   0x0000000c   Code   RO          958    i.RCC_USBCLKConfig  stm32f10x_rcc.o
    0x08009f10   0x08009f10   0x000000d0   Code   RO         2254    i.Resume            usb_pwr.o
    0x08009fe0   0x08009fe0   0x00000024   Code   RO         2255    i.Resume_Init       usb_pwr.o
    0x0800a004   0x0800a004   0x00000038   Code   RO            1    i.SGPIO_Init        main.o
    0x0800a03c   0x0800a03c   0x00000002   Code   RO          154    i.SVC_Handler       stm32f10x_it.o
    0x0800a03e   0x0800a03e   0x00000002   PAD
    0x0800a040   0x0800a040   0x00000010   Code   RO         1624    i.SetBTABLE         usb_regs.o
    0x0800a050   0x0800a050   0x00000050   Code   RO         1406    i.SetDeviceAddress  usb_core.o
    0x0800a0a0   0x0800a0a0   0x00000024   Code   RO         1638    i.SetEPRxAddr       usb_regs.o
    0x0800a0c4   0x0800a0c4   0x0000004c   Code   RO         1639    i.SetEPRxCount      usb_regs.o
    0x0800a110   0x0800a110   0x00000040   Code   RO         1640    i.SetEPRxStatus     usb_regs.o
    0x0800a150   0x0800a150   0x00000034   Code   RO         1641    i.SetEPRxValid      usb_regs.o
    0x0800a184   0x0800a184   0x00000020   Code   RO         1642    i.SetEPTxAddr       usb_regs.o
    0x0800a1a4   0x0800a1a4   0x0000001c   Code   RO         1643    i.SetEPTxCount      usb_regs.o
    0x0800a1c0   0x0800a1c0   0x00000040   Code   RO         1644    i.SetEPTxStatus     usb_regs.o
    0x0800a200   0x0800a200   0x00000034   Code   RO         1645    i.SetEPTxValid      usb_regs.o
    0x0800a234   0x0800a234   0x00000024   Code   RO         1646    i.SetEPType         usb_regs.o
    0x0800a258   0x0800a258   0x00000008   Code   RO          231    i.SetSysClock       system_stm32f10x.o
    0x0800a260   0x0800a260   0x000000e0   Code   RO          232    i.SetSysClockTo72   system_stm32f10x.o
    0x0800a340   0x0800a340   0x00000012   Code   RO         1984    i.Set_USBClock      hw_config.o
    0x0800a352   0x0800a352   0x00000002   PAD
    0x0800a354   0x0800a354   0x000000b8   Code   RO         1407    i.Setup0_Process    usb_core.o
    0x0800a40c   0x0800a40c   0x0000016c   Code   RO         1408    i.Standard_ClearFeature  usb_core.o
    0x0800a578   0x0800a578   0x0000002c   Code   RO         1409    i.Standard_GetConfiguration  usb_core.o
    0x0800a5a4   0x0800a5a4   0x00000024   Code   RO         1410    i.Standard_GetDescriptorData  usb_core.o
    0x0800a5c8   0x0800a5c8   0x0000002c   Code   RO         1411    i.Standard_GetInterface  usb_core.o
    0x0800a5f4   0x0800a5f4   0x00000100   Code   RO         1412    i.Standard_GetStatus  usb_core.o
    0x0800a6f4   0x0800a6f4   0x00000048   Code   RO         1413    i.Standard_SetConfiguration  usb_core.o
    0x0800a73c   0x0800a73c   0x00000028   Code   RO         1414    i.Standard_SetDeviceFeature  usb_core.o
    0x0800a764   0x0800a764   0x000000d0   Code   RO         1415    i.Standard_SetEndPointFeature  usb_core.o
    0x0800a834   0x0800a834   0x0000006c   Code   RO         1416    i.Standard_SetInterface  usb_core.o
    0x0800a8a0   0x0800a8a0   0x0000009c   Code   RO         2256    i.Suspend           usb_pwr.o
    0x0800a93c   0x0800a93c   0x00000028   Code   RO         1312    i.SysTick_CLKSourceConfig  misc.o
    0x0800a964   0x0800a964   0x00000002   Code   RO          155    i.SysTick_Handler   stm32f10x_it.o
    0x0800a966   0x0800a966   0x00000002   PAD
    0x0800a968   0x0800a968   0x00000060   Code   RO          234    i.SystemInit        system_stm32f10x.o
    0x0800a9c8   0x0800a9c8   0x00000018   Code   RO          595    i.TP_Init           touch.o
    0x0800a9e0   0x0800a9e0   0x00000088   Code   RO          763    i.USART1_IRQHandler  usart.o
    0x0800aa68   0x0800aa68   0x00000018   Code   RO         1132    i.USART_Cmd         stm32f10x_usart.o
    0x0800aa80   0x0800aa80   0x00000054   Code   RO         1136    i.USART_GetITStatus  stm32f10x_usart.o
    0x0800aad4   0x0800aad4   0x0000004a   Code   RO         1138    i.USART_ITConfig    stm32f10x_usart.o
    0x0800ab1e   0x0800ab1e   0x00000002   PAD
    0x0800ab20   0x0800ab20   0x000000d8   Code   RO         1139    i.USART_Init        stm32f10x_usart.o
    0x0800abf8   0x0800abf8   0x0000000a   Code   RO         1146    i.USART_ReceiveData  stm32f10x_usart.o
    0x0800ac02   0x0800ac02   0x0000000c   Code   RO         1985    i.USBWakeUp_IRQHandler  hw_config.o
    0x0800ac0e   0x0800ac0e   0x00000002   PAD
    0x0800ac10   0x0800ac10   0x00000048   Code   RO         1986    i.USB_Cable_Config  hw_config.o
    0x0800ac58   0x0800ac58   0x00000044   Code   RO         1520    i.USB_Init          usb_init.o
    0x0800ac9c   0x0800ac9c   0x00000054   Code   RO         1987    i.USB_Interrupts_Config  hw_config.o
    0x0800acf0   0x0800acf0   0x000001f8   Code   RO         2095    i.USB_Istr          usb_istr.o
    0x0800aee8   0x0800aee8   0x00000008   Code   RO         1988    i.USB_LP_CAN1_RX0_IRQHandler  hw_config.o
    0x0800aef0   0x0800aef0   0x00000020   Code   RO         1989    i.USB_Port_Set      hw_config.o
    0x0800af10   0x0800af10   0x00000024   Code   RO         1954    i.USB_SIL_Init      usb_sil.o
    0x0800af34   0x0800af34   0x00000004   Code   RO          156    i.UsageFault_Handler  stm32f10x_it.o
    0x0800af38   0x0800af38   0x00000038   Code   RO         1577    i.UserToPMABufferCopy  usb_mem.o
    0x0800af70   0x0800af70   0x00000006   Code   RO          764    i._sys_exit         usart.o
    0x0800af76   0x0800af76   0x00000002   PAD
    0x0800af78   0x0800af78   0x00000044   Code   RO          730    i.delay_init        delay.o
    0x0800afbc   0x0800afbc   0x0000004c   Code   RO          731    i.delay_ms          delay.o
    0x0800b008   0x0800b008   0x0000004c   Code   RO          732    i.delay_us          delay.o
    0x0800b054   0x0800b054   0x0000001c   Code   RO          765    i.fputc             usart.o
    0x0800b070   0x0800b070   0x000000b0   Code   RO            2    i.main              main.o
    0x0800b120   0x0800b120   0x000000a0   Code   RO          766    i.uart_init         usart.o
    0x0800b1c0   0x0800b1c0   0x0000015d   Data   RO         2069    .constdata          usb_desc.o
    0x0800b31d   0x0800b31d   0x00000003   PAD
    0x0800b320   0x0800b320   0x00000020   Data   RO         2537    Region$$Table       anon$$obj.o


    Execution Region RW_IRAM1 (Exec base: 0x20000000, Load base: 0x0800b340, Size: 0x00000990, Max: 0x00005000, ABSOLUTE, COMPRESSED[0x0000009c])

    Exec Addr    Load Addr    Size         Type   Attr      Idx    E Section Name        Object

    0x20000000   COMPRESSED   0x00000014   Data   RW          235    .data               system_stm32f10x.o
    0x20000014   COMPRESSED   0x00000084   Data   RW          596    .data               touch.o
    0x20000098   COMPRESSED   0x00000001   Data   RW          667    .data               ft3517u.o
    0x20000099   COMPRESSED   0x00000001   PAD
    0x2000009a   COMPRESSED   0x00000004   Data   RW          733    .data               delay.o
    0x2000009e   COMPRESSED   0x00000002   PAD
    0x200000a0   COMPRESSED   0x00000006   Data   RW          768    .data               usart.o
    0x200000a6   COMPRESSED   0x00000014   Data   RW          960    .data               stm32f10x_rcc.o
    0x200000ba   COMPRESSED   0x00000003   Data   RW         1417    .data               usb_core.o
    0x200000bd   COMPRESSED   0x00000003   PAD
    0x200000c0   COMPRESSED   0x00000014   Data   RW         1522    .data               usb_init.o
    0x200000d4   COMPRESSED   0x00000004   Data   RW         1548    .data               usb_int.o
    0x200000d8   COMPRESSED   0x00000001   Data   RW         1990    .data               hw_config.o
    0x200000d9   COMPRESSED   0x0000001a   Data   RW         2070    .data               usb_desc.o
    0x200000f3   COMPRESSED   0x00000001   PAD
    0x200000f4   COMPRESSED   0x00000048   Data   RW         2096    .data               usb_istr.o
    0x2000013c   COMPRESSED   0x000000a2   Data   RW         2139    .data               usb_prop.o
    0x200001de   COMPRESSED   0x00000002   PAD
    0x200001e0   COMPRESSED   0x0000000c   Data   RW         2258    .data               usb_pwr.o
    0x200001ec        -       0x0000003d   Zero   RW          665    .bss                ft3517u.o
    0x20000229        -       0x000000c8   Zero   RW          767    .bss                usart.o
    0x200002f1   COMPRESSED   0x00000003   PAD
    0x200002f4        -       0x0000001c   Zero   RW         1521    .bss                usb_init.o
    0x20000310        -       0x00000020   Zero   RW         2257    .bss                usb_pwr.o
    0x20000330        -       0x00000060   Zero   RW         2415    .bss                c_w.l(libspace.o)
    0x20000390        -       0x00000200   Zero   RW          757    HEAP                startup_stm32f10x_hd.o
    0x20000590        -       0x00000400   Zero   RW          756    STACK               startup_stm32f10x_hd.o


==============================================================================

Image component sizes


      Code (inc. data)   RO Data    RW Data    ZI Data      Debug   Object Name

       666        102          0          0          0       4761   ctiic.o
       220         26          0          4          0       1751   delay.o
      1188         42          0          1         61       3704   ft3517u.o
       170          0          0          0          0       1904   ft5206.o
       668        112          0          1          0       7026   hw_config.o
       232         22          0          0          0     237392   main.o
       172         22          0          0          0       2081   misc.o
        64         26        304          0       1536        812   startup_stm32f10x_hd.o
       160         12          0          0          0       1521   stm32f10x_exti.o
       430          6          0          0          0       3910   stm32f10x_gpio.o
        26          0          0          0          0       3766   stm32f10x_it.o
       288         38          0         20          0       4989   stm32f10x_rcc.o
       408          6          0          0          0       5046   stm32f10x_usart.o
         0          0          0          0          0         32   sys.o
       328         28          0         20          0       2117   system_stm32f10x.o
        24          8          0        132          0       1451   touch.o
       330         26          0          6        200       4184   usart.o
      3058        288          0          3          0      15499   usb_core.o
         0          0        349         26          0       1085   usb_desc.o
        12          4          0          0          0        446   usb_endp.o
        68         24          0         20         28       4286   usb_init.o
       648         32          0          4          0       1824   usb_int.o
       504         44          0         72          0      16899   usb_istr.o
        96         10          0          0          0       1868   usb_mem.o
       836        152          0        162          0      14634   usb_prop.o
       464         52          0         12         32       3692   usb_pwr.o
       676         90          0          0          0       9764   usb_regs.o
        36          8          0          0          0        519   usb_sil.o

    ----------------------------------------------------------------------
     11796       1180        688        492       1860     356963   Object Totals
         0          0         32          0          0          0   (incl. Generated)
        24          0          3          9          3          0   (incl. Padding)

    ----------------------------------------------------------------------

      Code (inc. data)   RO Data    RW Data    ZI Data      Debug   Library Member Name

        90          0          0          0          0          0   __dczerorl2.o
         8          0          0          0          0         68   __main.o
       104          0          0          0          0         84   __printf.o
         0          0          0          0          0          0   __rtentry.o
        12          0          0          0          0          0   __rtentry2.o
         6          0          0          0          0          0   __rtentry4.o
        52          8          0          0          0          0   __scatter.o
        28          0          0          0          0          0   __scatter_zi.o
        48          6          0          0          0         96   _printf_char_common.o
        36          4          0          0          0         80   _printf_char_file.o
         0          0          0          0          0          0   _printf_percent.o
         4          0          0          0          0          0   _printf_percent_end.o
        18          0          0          0          0         80   exit.o
         8          0          0          0          0         68   ferror.o
         6          0          0          0          0        152   heapauxi.o
         2          0          0          0          0          0   libinit.o
         2          0          0          0          0          0   libinit2.o
         2          0          0          0          0          0   libshutdown.o
         2          0          0          0          0          0   libshutdown2.o
         8          4          0          0         96         68   libspace.o
        24          4          0          0          0         84   noretval__2printf.o
        78          0          0          0          0         80   rt_memclr_w.o
         2          0          0          0          0          0   rtexit.o
        10          0          0          0          0          0   rtexit2.o
        74          0          0          0          0         80   sys_stackheap_outer.o
         2          0          0          0          0         68   use_no_semi.o
         2          0          0          0          0         68   use_no_semi_2.o

    ----------------------------------------------------------------------
       636         26          0          0         96       1076   Library Totals
         8          0          0          0          0          0   (incl. Padding)

    ----------------------------------------------------------------------

      Code (inc. data)   RO Data    RW Data    ZI Data      Debug   Library Name

       628         26          0          0         96       1076   c_w.l

    ----------------------------------------------------------------------
       636         26          0          0         96       1076   Library Totals

    ----------------------------------------------------------------------

==============================================================================


      Code (inc. data)   RO Data    RW Data    ZI Data      Debug   

     12432       1206        688        492       1956     351067   Grand Totals
     12432       1206        688        156       1956     351067   ELF Image Totals (compressed)
     12432       1206        688        156          0          0   ROM Totals

==============================================================================

    Total RO  Size (Code + RO Data)                13120 (  12.81kB)
    Total RW  Size (RW Data + ZI Data)              2448 (   2.39kB)
    Total ROM Size (Code + RO Data + RW Data)      13276 (  12.96kB)

==============================================================================

