<html>
<body>
<pre>
<h1>µVision Build Log</h1>
<h2>Tool Versions:</h2>
IDE-Version: µVision V5.24.2.0
Copyright (C) 2017 ARM Ltd and ARM Germany GmbH. All rights reserved.
License Information: 1qaz 1qaz, 1qaz, LIC=GMZII-T1YMS-WFTI7-ELCUU-Q86HL-YQFCW
 
Tool Versions:
Toolchain:       MDK-ARM Plus  Version: 5.24.1
Toolchain Path:  C:\Keil_v5\ARM\ARMCC\Bin
C Compiler:      Armcc.exe V5.06 update 5 (build 528)
Assembler:       Armasm.exe V5.06 update 5 (build 528)
Linker/Locator:  ArmLink.exe V5.06 update 5 (build 528)
Library Manager: ArmAr.exe V5.06 update 5 (build 528)
Hex Converter:   FromElf.exe V5.06 update 5 (build 528)
CPU DLL:         SARMCM3.DLL V5.24.1
Dialog DLL:      DARMSTM.DLL V1.68.0.0
Target DLL:      Segger\JL2CM3.dll V2.99.26.0
Dialog DLL:      TARMSTM.DLL V1.66.0.0
 
<h2>Project:</h2>
C:\Users\dell\Documents\Tencent Files\2856180900\FileRecv\5_5_DFU_Bootloader\USER\IAP_USB.uvproj
Project File Date:  05/17/2019

<h2>Output:</h2>
*** Using Compiler 'V5.06 update 5 (build 528)', folder: 'C:\Keil_v5\ARM\ARMCC\Bin'
Rebuild target 'IAP_USB'
assembling startup_stm32f10x_hd.s...
compiling core_cm3.c...
compiling misc.c...
compiling system_stm32f10x.c...
compiling stm32f10x_gpio.c...
compiling stm32f10x_exti.c...
compiling stm32f10x_it.c...
compiling stm32f10x_usart.c...
compiling stm32f10x_flash.c...
compiling stm32f10x_fsmc.c...
compiling stm32f10x_rcc.c...
compiling delay.c...
compiling usart.c...
compiling sys.c...
compiling main.c...
compiling key.c...
compiling led.c...
compiling fontupd.c...
compiling lcd_drive.c...
compiling lcd_tft.c...
compiling usb_core.c...
compiling usb_init.c...
compiling usb_sil.c...
compiling usb_int.c...
compiling usb_regs.c...
compiling usb_mem.c...
compiling hw_config.c...
compiling usb_istr.c...
compiling usb_desc.c...
compiling usb_prop.c...
compiling usb_pwr.c...
compiling dfu_mal.c...
linking...
Program Size: Code=17742 RO-data=414 RW-data=1036 ZI-data=2780  
FromELF: creating hex file...
"..\IAP_USB.axf" - 0 Error(s), 0 Warning(s).
Build Time Elapsed:  00:00:09
</pre>
</body>
</html>
